ARM Linker, 4.1 [Build 894] [Standard]

==============================================================================

Section Cross References

    main.o(.text) refers to misc.o(.text) for NVIC_PriorityGroupConfig
    main.o(.text) refers to years_led.o(.text) for Years_LED_Init
    main.o(.text) refers to years_key.o(.text) for Years_KEY_Init
    main.o(.text) refers to years_usb_hid.o(.text) for USB_HID_Init
    main.o(.text) refers to years_uart.o(.text) for Uart1_Init
    main.o(.text) refers to board.o(.text) for cycleCounterInit
    main.o(.text) refers to years_spi.o(.text) for Years_SPI_Init
    main.o(.text) refers to years_nrf24l01.o(.text) for Years_NRF_Check
    main.o(.text) refers to years_schedule.o(.text) for Years_Loop
    main.o(.text) refers to main.o(.data) for UART1_ENABLE
    main.o(.text) refers to system_stm32f10x.o(.data) for SystemCoreClock
    years_schedule.o(.text) refers to years_nrf24l01.o(.text) for Years_NRF_Check_Event
    years_schedule.o(.text) refers to years_remote.o(.text) for Remote_Send
    years_schedule.o(.text) refers to years_led.o(.text) for Years_LEDA_ON
    years_schedule.o(.text) refers to years_remote.o(.bss) for Tx_Buffer
    years_schedule.o(.text) refers to years_schedule.o(.data) for S_cnt_1ms
    years_led.o(.text) refers to stm32f10x_gpio.o(.text) for GPIO_ResetBits
    years_led.o(.text) refers to stm32f10x_rcc.o(.text) for RCC_APB2PeriphClockCmd
    years_led.o(.text) refers to board.o(.text) for Delay
    board.o(.text) refers to stm32f10x_rcc.o(.text) for RCC_GetClocksFreq
    board.o(.text) refers to board.o(.data) for usTicks
    board.o(.text) refers to years_schedule.o(.data) for S_cnt_1ms
    stm32f10x_it.o(.text) refers to years_uart.o(.text) for Uart1_IRQ
    stm32f10x_it.o(.text) refers to board.o(.text) for SysTick_IRQ
    stm32f10x_it.o(.text) refers to usb_istr.o(.text) for USB_Istr
    years_spi.o(.text) refers to stm32f10x_rcc.o(.text) for RCC_APB2PeriphClockCmd
    years_spi.o(.text) refers to stm32f10x_gpio.o(.text) for GPIO_PinRemapConfig
    years_spi.o(.text) refers to stm32f10x_spi.o(.text) for SPI_Init
    years_nrf24l01.o(.text) refers to years_spi.o(.text) for Years_SPI_CSN_L
    years_nrf24l01.o(.text) refers to years_led.o(.text) for Years_LEDB_OFF
    years_nrf24l01.o(.text) refers to years_nrf24l01.o(.data) for TX_ADDRESS
    years_nrf24l01.o(.text) refers to years_nrf24l01.o(.bss) for NRF24L01_2_RXDATA
    years_uart.o(.text) refers to stm32f10x_rcc.o(.text) for RCC_APB2PeriphClockCmd
    years_uart.o(.text) refers to stm32f10x_gpio.o(.text) for GPIO_Init
    years_uart.o(.text) refers to stm32f10x_usart.o(.text) for USART_Init
    years_uart.o(.text) refers to misc.o(.text) for NVIC_Init
    years_uart.o(.text) refers to years_nrf24l01.o(.text) for Years_NRF_TxPacket
    years_uart.o(.text) refers to years_uart.o(.data) for TxCounter
    years_uart.o(.text) refers to years_uart.o(.bss) for TxBuffer
    years_usb_hid.o(.text) refers to usb_config.o(.text) for USB_GPIO_Configuration
    years_usb_hid.o(.text) refers to usb_init.o(.text) for USB_Init
    years_usb_hid.o(.text) refers to board.o(.text) for Delay
    years_usb_hid.o(.text) refers to usb_mem.o(.text) for UserToPMABufferCopy
    years_usb_hid.o(.text) refers to usb_regs.o(.text) for SetEPTxValid
    years_usb_hid.o(.text) refers to usb_endp.o(.data) for USB_ReceiveFlg
    years_usb_hid.o(.text) refers to usb_endp.o(.bss) for Transi_Buffer
    years_remote.o(.text) refers to years_led.o(.text) for Years_LEDA_OFF
    years_remote.o(.text) refers to years_nrf24l01.o(.text) for Years_NRF_TxPacket
    years_remote.o(.text) refers to years_remote.o(.bss) for Rx_Buffer
    years_key.o(.text) refers to stm32f10x_rcc.o(.text) for RCC_APB2PeriphClockCmd
    years_key.o(.text) refers to stm32f10x_gpio.o(.text) for GPIO_Init
    years_key.o(.text) refers to years_led.o(.text) for Years_LEDB_OFF
    startup_stm32f10x_hd.o(STACK) refers (Special) to heapauxi.o(.text) for __use_two_region_memory
    startup_stm32f10x_hd.o(HEAP) refers (Special) to heapauxi.o(.text) for __use_two_region_memory
    startup_stm32f10x_hd.o(RESET) refers (Special) to heapauxi.o(.text) for __use_two_region_memory
    startup_stm32f10x_hd.o(RESET) refers to startup_stm32f10x_hd.o(STACK) for __initial_sp
    startup_stm32f10x_hd.o(RESET) refers to startup_stm32f10x_hd.o(.text) for Reset_Handler
    startup_stm32f10x_hd.o(RESET) refers to stm32f10x_it.o(.text) for NMI_Handler
    startup_stm32f10x_hd.o(.text) refers (Special) to heapauxi.o(.text) for __use_two_region_memory
    startup_stm32f10x_hd.o(.text) refers to system_stm32f10x.o(.text) for SystemInit
    startup_stm32f10x_hd.o(.text) refers to __main.o(!!!main) for __main
    startup_stm32f10x_hd.o(.text) refers to startup_stm32f10x_hd.o(HEAP) for Heap_Mem
    startup_stm32f10x_hd.o(.text) refers to startup_stm32f10x_hd.o(STACK) for Stack_Mem
    system_stm32f10x.o(.text) refers to system_stm32f10x.o(.data) for SystemCoreClock
[...]
    libinit.o(.ARM.Collect$$libinit$$00000000) refers (Special) to libinit2.o(.ARM.Collect$$libinit$$00000011) for __rt_lib_init_lc_monetary_1
    libinit.o(.ARM.Collect$$libinit$$00000000) refers (Special) to libinit2.o(.ARM.Collect$$libinit$$00000013) for __rt_lib_init_lc_numeric_1
    libinit.o(.ARM.Collect$$libinit$$00000000) refers (Special) to libinit2.o(.ARM.Collect$$libinit$$00000015) for __rt_lib_init_lc_time_1
    libinit.o(.ARM.Collect$$libinit$$00000000) refers (Special) to libinit2.o(.ARM.Collect$$libinit$$0000000A) for __rt_lib_init_rand_1
    libinit.o(.ARM.Collect$$libinit$$00000000) refers (Special) to libinit2.o(.ARM.Collect$$libinit$$0000002F) for __rt_lib_init_return
    libinit.o(.ARM.Collect$$libinit$$00000000) refers (Special) to libinit2.o(.ARM.Collect$$libinit$$00000019) for __rt_lib_init_signal_1
    libinit.o(.ARM.Collect$$libinit$$00000000) refers (Special) to libinit2.o(.ARM.Collect$$libinit$$00000021) for __rt_lib_init_stdio_1
    libinit.o(.ARM.Collect$$libinit$$00000000) refers (Special) to libinit2.o(.ARM.Collect$$libinit$$00000008) for __rt_lib_init_user_alloc_1
    libinit.o(.ARM.Collect$$libinit$$00000000) refers to fpinit.o(x$fpl$fpinit) for _fp_init
    libspace.o(.text) refers to libspace.o(.bss) for __libspace_start
    rtexit.o(.ARM.Collect$$rtexit$$00000000) refers (Special) to rtexit2.o(.ARM.Collect$$rtexit$$00000004) for __rt_exit_exit
    rtexit.o(.ARM.Collect$$rtexit$$00000000) refers (Special) to rtexit2.o(.ARM.Collect$$rtexit$$00000003) for __rt_exit_ls
    rtexit.o(.ARM.Collect$$rtexit$$00000000) refers (Special) to rtexit2.o(.ARM.Collect$$rtexit$$00000002) for __rt_exit_prels_1
    rtexit.o(.ARM.exidx) refers (Special) to rtexit2.o(.ARM.Collect$$rtexit$$00000004) for __rt_exit_exit
    rtexit.o(.ARM.exidx) refers (Special) to rtexit2.o(.ARM.Collect$$rtexit$$00000003) for __rt_exit_ls
    rtexit.o(.ARM.exidx) refers (Special) to rtexit2.o(.ARM.Collect$$rtexit$$00000002) for __rt_exit_prels_1
    rtexit.o(.ARM.exidx) refers to rtexit.o(.ARM.Collect$$rtexit$$00000000) for .ARM.Collect$$rtexit$$00000000
    libinit2.o(.ARM.Collect$$libinit$$0000000C) refers to libinit2.o(.ARM.Collect$$libinit$$0000000B) for .ARM.Collect$$libinit$$0000000B
    libinit2.o(.ARM.Collect$$libinit$$0000000E) refers to libinit2.o(.ARM.Collect$$libinit$$0000000B) for .ARM.Collect$$libinit$$0000000B
    libinit2.o(.ARM.Collect$$libinit$$00000010) refers to libinit2.o(.ARM.Collect$$libinit$$0000000B) for .ARM.Collect$$libinit$$0000000B
    libinit2.o(.ARM.Collect$$libinit$$00000012) refers to libinit2.o(.ARM.Collect$$libinit$$0000000B) for .ARM.Collect$$libinit$$0000000B
    libinit2.o(.ARM.Collect$$libinit$$00000014) refers to libinit2.o(.ARM.Collect$$libinit$$0000000B) for .ARM.Collect$$libinit$$0000000B
    libinit2.o(.ARM.Collect$$libinit$$00000022) refers to argv_veneer.o(.emb_text) for __ARM_argv_veneer
    libinit2.o(.ARM.Collect$$libinit$$00000023) refers to argv_veneer.o(.emb_text) for __ARM_argv_veneer
    fpinit.o(x$fpl$fpinit) refers to rt_fp_status_addr_intlibspace.o(.text) for __rt_fp_status_addr
    rtexit2.o(.ARM.Collect$$rtexit$$00000003) refers to libshutdown.o(.ARM.Collect$$libshutdown$$00000000) for __rt_lib_shutdown
    rtexit2.o(.ARM.Collect$$rtexit$$00000004) refers to sys_exit.o(.text) for _sys_exit
    rtexit2.o(.ARM.exidx) refers to rtexit2.o(.ARM.Collect$$rtexit$$00000001) for .ARM.Collect$$rtexit$$00000001
    rtexit2.o(.ARM.exidx) refers to rtexit2.o(.ARM.Collect$$rtexit$$00000003) for .ARM.Collect$$rtexit$$00000003
    rtexit2.o(.ARM.exidx) refers to rtexit2.o(.ARM.Collect$$rtexit$$00000004) for .ARM.Collect$$rtexit$$00000004
    rt_fp_status_addr.o(.text) refers to rt_fp_status_addr.o(.bss) for __rt_fp_status_addr_data
    rt_fp_status_addr_intlibspace.o(.text) refers to libspace.o(.bss) for __libspace_start
    argv_veneer.o(.emb_text) refers to no_argv.o(.text) for __ARM_get_argv
    sys_exit.o(.text) refers (Special) to use_no_semi.o(.text) for __I$use$semihosting
    sys_exit.o(.text) refers (Special) to indicate_semi.o(.text) for __semihosting_library_function
    _get_argv_nomalloc.o(.text) refers (Special) to hrguard.o(.text) for __heap_region$guard
    _get_argv_nomalloc.o(.text) refers to defsig_rtmem_outer.o(.text) for __rt_SIGRTMEM
    _get_argv_nomalloc.o(.text) refers to sys_command.o(.text) for _sys_command_string
    libshutdown.o(.ARM.Collect$$libshutdown$$00000000) refers (Special) to libshutdown2.o(.ARM.Collect$$libshutdown$$00000006) for __rt_lib_shutdown_fp_trap_1
    libshutdown.o(.ARM.Collect$$libshutdown$$00000000) refers (Special) to libshutdown2.o(.ARM.Collect$$libshutdown$$0000000E) for __rt_lib_shutdown_heap_1
    libshutdown.o(.ARM.Collect$$libshutdown$$00000000) refers (Special) to libshutdown2.o(.ARM.Collect$$libshutdown$$0000000F) for __rt_lib_shutdown_return
    libshutdown.o(.ARM.Collect$$libshutdown$$00000000) refers (Special) to libshutdown2.o(.ARM.Collect$$libshutdown$$00000009) for __rt_lib_shutdown_signal_1
    libshutdown.o(.ARM.Collect$$libshutdown$$00000000) refers (Special) to libshutdown2.o(.ARM.Collect$$libshutdown$$00000003) for __rt_lib_shutdown_stdio_1
    libshutdown.o(.ARM.Collect$$libshutdown$$00000000) refers (Special) to libshutdown2.o(.ARM.Collect$$libshutdown$$0000000B) for __rt_lib_shutdown_user_alloc_1
    sys_command.o(.text) refers (Special) to use_no_semi.o(.text) for __I$use$semihosting
    sys_command.o(.text) refers (Special) to indicate_semi.o(.text) for __semihosting_library_function
    defsig_rtmem_outer.o(.text) refers to defsig_rtmem_inner.o(.text) for __rt_SIGRTMEM_inner
    defsig_rtmem_outer.o(.text) refers to defsig_exit.o(.text) for __sig_exit
    defsig_rtmem_formal.o(.text) refers to rt_raise.o(.text) for __rt_raise
    rt_raise.o(.text) refers to __raise.o(.text) for __raise
    rt_raise.o(.text) refers to sys_exit.o(.text) for _sys_exit
    defsig_exit.o(.text) refers to sys_exit.o(.text) for _sys_exit
    defsig_rtmem_inner.o(.text) refers to defsig_general.o(.text) for __default_signal_display
    __raise.o(.text) refers to defsig.o(CL$$defsig) for __default_signal_handler
    defsig_general.o(.text) refers to sys_wrch.o(.text) for _ttywrch
    sys_wrch.o(.text) refers (Special) to use_no_semi.o(.text) for __I$use$semihosting
    sys_wrch.o(.text) refers (Special) to indicate_semi.o(.text) for __semihosting_library_function
    defsig.o(CL$$defsig) refers to defsig_rtmem_inner.o(.text) for __rt_SIGRTMEM_inner
    defsig_abrt_inner.o(.text) refers to defsig_general.o(.text) for __default_signal_display
    defsig_fpe_inner.o(.text) refers to defsig_general.o(.text) for __default_signal_display
    defsig_rtred_inner.o(.text) refers to defsig_general.o(.text) for __default_signal_display
    defsig_stak_inner.o(.text) refers to defsig_general.o(.text) for __default_signal_display
    defsig_pvfn_inner.o(.text) refers to defsig_general.o(.text) for __default_signal_display
    defsig_cppl_inner.o(.text) refers to defsig_general.o(.text) for __default_signal_display
    defsig_segv_inner.o(.text) refers to defsig_general.o(.text) for __default_signal_display
    defsig_other.o(.text) refers to defsig_general.o(.text) for __default_signal_display


==============================================================================

Removing Unused input sections from the image.

    Removing core_cm3.o(.emb_text), (32 bytes).
    Removing stm32f10x_flash.o(.text), (1464 bytes).
    Removing stm32f10x_tim.o(.text), (3502 bytes).
    Removing usb_config.o(.data), (1 bytes).

4 unused section(s) (total 4999 bytes) removed from the image.

==============================================================================

Image Symbol Table

    Local Symbols

    Symbol Name                              Value     Ov Type        Size  Object(Section)

    ../../angel/boardlib.s                   0x00000000   Number         0  boardshut.o ABSOLUTE
    ../../angel/boardlib.s                   0x00000000   Number         0  boardinit3.o ABSOLUTE
    ../../angel/boardlib.s                   0x00000000   Number         0  boardinit2.o ABSOLUTE
    ../../angel/boardlib.s                   0x00000000   Number         0  boardinit1.o ABSOLUTE
    ../../angel/dczerorl2.s                  0x00000000   Number         0  __dczerorl2.o ABSOLUTE
    ../../angel/handlers.s                   0x00000000   Number         0  __scatter_zi.o ABSOLUTE
    ../../angel/kernel.s                     0x00000000   Number         0  rtexit.o ABSOLUTE
    ../../angel/kernel.s                     0x00000000   Number         0  rtexit2.o ABSOLUTE
    ../../angel/kernel.s                     0x00000000   Number         0  rtentry4.o ABSOLUTE
    ../../angel/kernel.s                     0x00000000   Number         0  rtentry.o ABSOLUTE
    ../../angel/kernel.s                     0x00000000   Number         0  rtentry2.o ABSOLUTE
    ../../angel/rt.s                         0x00000000   Number         0  rt_fp_status_addr.o ABSOLUTE
    ../../angel/rt.s                         0x00000000   Number         0  rt_raise.o ABSOLUTE
    ../../angel/rt.s                         0x00000000   Number         0  rt_fp_status_addr_intlibspace.o ABSOLUTE
    ../../angel/scatter.s                    0x00000000   Number         0  __scatter.o ABSOLUTE
    ../../angel/startup.s                    0x00000000   Number         0  __main.o ABSOLUTE
    ../../angel/sys.s                        0x00000000   Number         0  sys_stackheap_outer.o ABSOLUTE
    ../../angel/sys.s                        0x00000000   Number         0  libspace.o ABSOLUTE
    ../../angel/sys.s                        0x00000000   Number         0  use_no_semi.o ABSOLUTE
    ../../angel/sys.s                        0x00000000   Number         0  indicate_semi.o ABSOLUTE
    ../../angel/sysapp.c                     0x00000000   Number         0  sys_exit.o ABSOLUTE
    ../../angel/sysapp.c                     0x00000000   Number         0  sys_command.o ABSOLUTE
    ../../angel/sysapp.c                     0x00000000   Number         0  sys_wrch.o ABSOLUTE
    ../../armsys.c                           0x00000000   Number         0  no_argv.o ABSOLUTE
    ../../armsys.c                           0x00000000   Number         0  _get_argv_nomalloc.o ABSOLUTE
    ../../armsys.c                           0x00000000   Number         0  argv_veneer.o ABSOLUTE
    ../../armsys.c                           0x00000000   Number         0  argv_veneer.o ABSOLUTE
    ../../fpinit.s                           0x00000000   Number         0  fpinit.o ABSOLUTE
    ../../heapalloc.c                        0x00000000   Number         0  hrguard.o ABSOLUTE
    ../../heapaux.c                          0x00000000   Number         0  heapauxi.o ABSOLUTE
    ../../libinit.s                          0x00000000   Number         0  libinit2.o ABSOLUTE
    ../../libinit.s                          0x00000000   Number         0  libshutdown2.o ABSOLUTE
    ../../libinit.s                          0x00000000   Number         0  libshutdown.o ABSOLUTE
    ../../libinit.s                          0x00000000   Number         0  libinit.o ABSOLUTE
    ../../signal.c                           0x00000000   Number         0  defsig_rtmem_formal.o ABSOLUTE
    ../../signal.c                           0x00000000   Number         0  defsig_stak_inner.o ABSOLUTE
    ../../signal.c                           0x00000000   Number         0  defsig_other.o ABSOLUTE
    ../../signal.c                           0x00000000   Number         0  defsig_segv_inner.o ABSOLUTE
    ../../signal.c                           0x00000000   Number         0  defsig_cppl_inner.o ABSOLUTE
    ../../signal.c                           0x00000000   Number         0  defsig_pvfn_inner.o ABSOLUTE
    ../../signal.c                           0x00000000   Number         0  defsig_general.o ABSOLUTE
    ../../signal.c                           0x00000000   Number         0  __raise.o ABSOLUTE
    ../../signal.c                           0x00000000   Number         0  defsig_rtmem_inner.o ABSOLUTE
    ../../signal.c                           0x00000000   Number         0  defsig_exit.o ABSOLUTE
    ../../signal.c                           0x00000000   Number         0  defsig_fpe_inner.o ABSOLUTE
    ../../signal.c                           0x00000000   Number         0  defsig_rtred_inner.o ABSOLUTE
    ../../signal.c                           0x00000000   Number         0  defsig_abrt_inner.o ABSOLUTE
    ../../signal.c                           0x00000000   Number         0  defsig_rtmem_outer.o ABSOLUTE
    ../../signal.s                           0x00000000   Number         0  defsig.o ABSOLUTE
    ../../stdlib.c                           0x00000000   Number         0  exit.o ABSOLUTE
    MyDriver\Years_KEY.c                     0x00000000   Number         0  years_key.o ABSOLUTE
    MyDriver\Years_LED.c                     0x00000000   Number         0  years_led.o ABSOLUTE
    MyDriver\Years_Nrf24l01.c                0x00000000   Number         0  years_nrf24l01.o ABSOLUTE
    MyDriver\Years_Remote.c                  0x00000000   Number         0  years_remote.o ABSOLUTE
    MyDriver\Years_SPI.c                     0x00000000   Number         0  years_spi.o ABSOLUTE
    MyDriver\Years_USB_HID.c                 0x00000000   Number         0  years_usb_hid.o ABSOLUTE
    MyDriver\Years_Uart.c                    0x00000000   Number         0  years_uart.o ABSOLUTE
    MyDriver\board.c                         0x00000000   Number         0  board.o ABSOLUTE
    MyDriver\stm32f10x_it.c                  0x00000000   Number         0  stm32f10x_it.o ABSOLUTE
    STM32_LIB\CMSIS\core_cm3.c               0x00000000   Number         0  core_cm3.o ABSOLUTE
    STM32_LIB\CMSIS\startup_stm32f10x_hd.s   0x00000000   Number         0  startup_stm32f10x_hd.o ABSOLUTE
    STM32_LIB\CMSIS\system_stm32f10x.c       0x00000000   Number         0  system_stm32f10x.o ABSOLUTE
    STM32_LIB\LIB\src\misc.c                 0x00000000   Number         0  misc.o ABSOLUTE
    STM32_LIB\LIB\src\stm32f10x_flash.c      0x00000000   Number         0  stm32f10x_flash.o ABSOLUTE
    STM32_LIB\LIB\src\stm32f10x_gpio.c       0x00000000   Number         0  stm32f10x_gpio.o ABSOLUTE
    STM32_LIB\LIB\src\stm32f10x_rcc.c        0x00000000   Number         0  stm32f10x_rcc.o ABSOLUTE
    STM32_LIB\LIB\src\stm32f10x_spi.c        0x00000000   Number         0  stm32f10x_spi.o ABSOLUTE
    STM32_LIB\LIB\src\stm32f10x_tim.c        0x00000000   Number         0  stm32f10x_tim.o ABSOLUTE
    STM32_LIB\LIB\src\stm32f10x_usart.c      0x00000000   Number         0  stm32f10x_usart.o ABSOLUTE
    STM32_LIB\\CMSIS\\core_cm3.c             0x00000000   Number         0  core_cm3.o ABSOLUTE
    USB_HID\usb_config.c                     0x00000000   Number         0  usb_config.o ABSOLUTE
    USB_HID\usb_desc.c                       0x00000000   Number         0  usb_desc.o ABSOLUTE
    USB_HID\usb_endp.c                       0x00000000   Number         0  usb_endp.o ABSOLUTE
    USB_HID\usb_istr.c                       0x00000000   Number         0  usb_istr.o ABSOLUTE
    USB_HID\usb_prop.c                       0x00000000   Number         0  usb_prop.o ABSOLUTE
    USB_HID\usb_pwr.c                        0x00000000   Number         0  usb_pwr.o ABSOLUTE
    USB_LIB\usb_core.c                       0x00000000   Number         0  usb_core.o ABSOLUTE
    USB_LIB\usb_init.c                       0x00000000   Number         0  usb_init.o ABSOLUTE
    USB_LIB\usb_int.c                        0x00000000   Number         0  usb_int.o ABSOLUTE
    USB_LIB\usb_mem.c                        0x00000000   Number         0  usb_mem.o ABSOLUTE
    USB_LIB\usb_regs.c                       0x00000000   Number         0  usb_regs.o ABSOLUTE
    User\Years_Schedule.c                    0x00000000   Number         0  years_schedule.o ABSOLUTE
    User\main.c                              0x00000000   Number         0  main.o ABSOLUTE
    dc.s                                     0x00000000   Number         0  dc.o ABSOLUTE
    RESET                                    0x08000000   Section      304  startup_stm32f10x_hd.o(RESET)
    !!!main                                  0x08000130   Section        8  __main.o(!!!main)
    !!!scatter                               0x08000138   Section       52  __scatter.o(!!!scatter)
    !!dczerorl2                              0x0800016c   Section       90  __dczerorl2.o(!!dczerorl2)
    !!handler_zi                             0x080001c8   Section       28  __scatter_zi.o(!!handler_zi)
    .ARM.Collect$$libinit$$00000000          0x080001e4   Section        6  libinit.o(.ARM.Collect$$libinit$$00000000)
    .ARM.Collect$$libinit$$00000006          0x080001ea   Section        0  libinit2.o(.ARM.Collect$$libinit$$00000006)
    .ARM.Collect$$libinit$$00000008          0x080001ea   Section        0  libinit2.o(.ARM.Collect$$libinit$$00000008)
    .ARM.Collect$$libinit$$0000000A          0x080001ea   Section        0  libinit2.o(.ARM.Collect$$libinit$$0000000A)
    .ARM.Collect$$libinit$$0000000D          0x080001ea   Section        0  libinit2.o(.ARM.Collect$$libinit$$0000000D)
    .ARM.Collect$$libinit$$0000000F          0x080001ea   Section        0  libinit2.o(.ARM.Collect$$libinit$$0000000F)
    .ARM.Collect$$libinit$$00000011          0x080001ea   Section        0  libinit2.o(.ARM.Collect$$libinit$$00000011)
    .ARM.Collect$$libinit$$00000013          0x080001ea   Section        0  libinit2.o(.ARM.Collect$$libinit$$00000013)
    .ARM.Collect$$libinit$$00000015          0x080001ea   Section        0  libinit2.o(.ARM.Collect$$libinit$$00000015)
    .ARM.Collect$$libinit$$00000017          0x080001ea   Section        0  libinit2.o(.ARM.Collect$$libinit$$00000017)
    .ARM.Collect$$libinit$$00000019          0x080001ea   Section        0  libinit2.o(.ARM.Collect$$libinit$$00000019)
    .ARM.Collect$$libinit$$0000001B          0x080001ea   Section        0  libinit2.o(.ARM.Collect$$libinit$$0000001B)
    .ARM.Collect$$libinit$$0000001D          0x080001ea   Section        0  libinit2.o(.ARM.Collect$$libinit$$0000001D)
    .ARM.Collect$$libinit$$0000001F          0x080001ea   Section        0  libinit2.o(.ARM.Collect$$libinit$$0000001F)
    .ARM.Collect$$libinit$$00000021          0x080001ea   Section        0  libinit2.o(.ARM.Collect$$libinit$$00000021)
    .ARM.Collect$$libinit$$00000028          0x080001ea   Section        0  libinit2.o(.ARM.Collect$$libinit$$00000028)
    .ARM.Collect$$libinit$$0000002A          0x080001ea   Section        0  libinit2.o(.ARM.Collect$$libinit$$0000002A)
    .ARM.Collect$$libinit$$0000002C          0x080001ea   Section        0  libinit2.o(.ARM.Collect$$libinit$$0000002C)
    .ARM.Collect$$libinit$$0000002E          0x080001ea   Section        0  libinit2.o(.ARM.Collect$$libinit$$0000002E)
    .ARM.Collect$$libinit$$0000002F          0x080001ea   Section        2  libinit2.o(.ARM.Collect$$libinit$$0000002F)
    .ARM.Collect$$libshutdown$$00000000      0x080001ec   Section        2  libshutdown.o(.ARM.Collect$$libshutdown$$00000000)
    .ARM.Collect$$libshutdown$$00000003      0x080001ee   Section        0  libshutdown2.o(.ARM.Collect$$libshutdown$$00000003)
    .ARM.Collect$$libshutdown$$00000006      0x080001ee   Section        0  libshutdown2.o(.ARM.Collect$$libshutdown$$00000006)
    .ARM.Collect$$libshutdown$$00000009      0x080001ee   Section        0  libshutdown2.o(.ARM.Collect$$libshutdown$$00000009)
    .ARM.Collect$$libshutdown$$0000000B      0x080001ee   Section        0  libshutdown2.o(.ARM.Collect$$libshutdown$$0000000B)
    .ARM.Collect$$libshutdown$$0000000E      0x080001ee   Section        0  libshutdown2.o(.ARM.Collect$$libshutdown$$0000000E)
    .ARM.Collect$$libshutdown$$0000000F      0x080001ee   Section        2  libshutdown2.o(.ARM.Collect$$libshutdown$$0000000F)
    .ARM.Collect$$rtentry$$00000000          0x080001f0   Section        0  rtentry.o(.ARM.Collect$$rtentry$$00000000)
    .ARM.Collect$$rtentry$$00000002          0x080001f0   Section        0  rtentry2.o(.ARM.Collect$$rtentry$$00000002)
    .ARM.Collect$$rtentry$$00000004          0x080001f0   Section        6  rtentry4.o(.ARM.Collect$$rtentry$$00000004)
    .ARM.Collect$$rtentry$$00000009          0x080001f6   Section        0  rtentry2.o(.ARM.Collect$$rtentry$$00000009)
    .ARM.Collect$$rtentry$$0000000A          0x080001f6   Section        4  rtentry2.o(.ARM.Collect$$rtentry$$0000000A)
    .ARM.Collect$$rtentry$$0000000C          0x080001fa   Section        0  rtentry2.o(.ARM.Collect$$rtentry$$0000000C)
    .ARM.Collect$$rtentry$$0000000D          0x080001fa   Section        8  rtentry2.o(.ARM.Collect$$rtentry$$0000000D)
    .ARM.Collect$$rtexit$$00000000           0x08000202   Section        2  rtexit.o(.ARM.Collect$$rtexit$$00000000)
    .ARM.Collect$$rtexit$$00000002           0x08000204   Section        0  rtexit2.o(.ARM.Collect$$rtexit$$00000002)
    .ARM.Collect$$rtexit$$00000003           0x08000204   Section        4  rtexit2.o(.ARM.Collect$$rtexit$$00000003)
    .ARM.Collect$$rtexit$$00000004           0x08000208   Section        6  rtexit2.o(.ARM.Collect$$rtexit$$00000004)
    .text                                    0x08000210   Section        0  main.o(.text)
    .text                                    0x080002c4   Section        0  years_schedule.o(.text)
    Years_Loop_1ms                           0x080002c5   Thumb Code    18  years_schedule.o(.text)
    Years_Loop_2ms                           0x080002d7   Thumb Code     2  years_schedule.o(.text)
    Years_Loop_5ms                           0x080002d9   Thumb Code     2  years_schedule.o(.text)
    Years_Loop_10ms                          0x080002db   Thumb Code     2  years_schedule.o(.text)
    Years_Loop_20ms                          0x080002dd   Thumb Code    12  years_schedule.o(.text)
    .text                                    0x08000360   Section        0  years_led.o(.text)
    .text                                    0x08000450   Section        0  board.o(.text)
    .text                                    0x080004d4   Section        0  stm32f10x_it.o(.text)
    .text                                    0x08000508   Section        0  years_spi.o(.text)
    .text                                    0x08000648   Section        0  years_nrf24l01.o(.text)
    .text                                    0x080008b0   Section        0  years_uart.o(.text)
    Uart1_Put_Char                           0x08000aeb   Thumb Code    34  years_uart.o(.text)
    .text                                    0x08000b9c   Section        0  years_usb_hid.o(.text)
    .text                                    0x08000c08   Section        0  years_remote.o(.text)
    .text                                    0x08000c38   Section        0  years_key.o(.text)
    .text                                    0x08000cc0   Section       64  startup_stm32f10x_hd.o(.text)
    .text                                    0x08000d00   Section        0  system_stm32f10x.o(.text)
    SetSysClockTo72                          0x08000d01   Thumb Code   192  system_stm32f10x.o(.text)
    SetSysClock                              0x08000dc1   Thumb Code     8  system_stm32f10x.o(.text)
    .text                                    0x08000ec8   Section        0  misc.o(.text)
    .text                                    0x08000fa4   Section        0  stm32f10x_gpio.o(.text)
    .text                                    0x080012fc   Section        0  stm32f10x_rcc.o(.text)
    .text                                    0x0800169c   Section        0  stm32f10x_spi.o(.text)
    .text                                    0x080019ac   Section        0  stm32f10x_usart.o(.text)
    .text                                    0x08001db8   Section        0  usb_core.o(.text)
    DataStageOut                             0x08002173   Thumb Code   196  usb_core.o(.text)
    DataStageIn                              0x08002237   Thumb Code   166  usb_core.o(.text)
    NoData_Setup0                            0x080022dd   Thumb Code   300  usb_core.o(.text)
    Data_Setup0                              0x08002409   Thumb Code   660  usb_core.o(.text)
    .text                                    0x08002884   Section        0  usb_init.o(.text)
    .text                                    0x080028c0   Section        0  usb_int.o(.text)
    .text                                    0x08002c88   Section        0  usb_mem.o(.text)
    .text                                    0x08002ce0   Section        0  usb_regs.o(.text)
    .text                                    0x08003450   Section        0  usb_config.o(.text)
    .text                                    0x08003564   Section        0  usb_endp.o(.text)
    .text                                    0x080035a0   Section        0  usb_istr.o(.text)
    .text                                    0x08003698   Section        0  usb_prop.o(.text)
    .text                                    0x080038e8   Section        0  usb_pwr.o(.text)
    .text                                    0x08003a30   Section        0  heapauxi.o(.text)
    .text                                    0x08003a36   Section       74  sys_stackheap_outer.o(.text)
    .text                                    0x08003a80   Section        0  exit.o(.text)
    .text                                    0x08003a8c   Section        8  libspace.o(.text)
    .text                                    0x08003a94   Section        8  rt_fp_status_addr_intlibspace.o(.text)
    .text                                    0x08003a9c   Section        0  sys_exit.o(.text)
    .text                                    0x08003aa8   Section        2  use_no_semi.o(.text)
    .text                                    0x08003aaa   Section        0  indicate_semi.o(.text)
    x$fpl$fpinit                             0x08003aaa   Section       14  fpinit.o(x$fpl$fpinit)
    .constdata                               0x08003ab8   Section      134  usb_desc.o(.constdata)
    .data                                    0x20000000   Section        2  main.o(.data)
    .data                                    0x20000002   Section       10  years_schedule.o(.data)
    .data                                    0x2000000c   Section        8  board.o(.data)
    usTicks                                  0x2000000c   Data           4  board.o(.data)
    sysTickUptime                            0x20000010   Data           4  board.o(.data)
    .data                                    0x20000014   Section       10  years_nrf24l01.o(.data)
    .data                                    0x2000001e   Section        5  years_uart.o(.data)
    RxState                                  0x20000020   Data           1  years_uart.o(.data)
    _data_len                                0x20000021   Data           1  years_uart.o(.data)
    _data_cnt                                0x20000022   Data           1  years_uart.o(.data)
    .data                                    0x20000024   Section       20  system_stm32f10x.o(.data)
    .data                                    0x20000038   Section       20  stm32f10x_rcc.o(.data)
    APBAHBPrescTable                         0x20000038   Data          16  stm32f10x_rcc.o(.data)
    ADCPrescTable                            0x20000048   Data           4  stm32f10x_rcc.o(.data)
    .data                                    0x2000004c   Section        4  usb_core.o(.data)
    .data                                    0x20000050   Section       20  usb_init.o(.data)
    .data                                    0x20000064   Section        4  usb_int.o(.data)
    .data                                    0x20000068   Section       26  usb_desc.o(.data)
    .data                                    0x20000082   Section        1  usb_endp.o(.data)
    .data                                    0x20000084   Section       62  usb_istr.o(.data)
    .data                                    0x200000c4   Section      156  usb_prop.o(.data)
    .data                                    0x20000160   Section        7  usb_pwr.o(.data)
    .bss                                     0x20000168   Section      510  years_nrf24l01.o(.bss)
    .bss                                     0x20000366   Section      512  years_uart.o(.bss)
    RxBuffer                                 0x20000466   Data         256  years_uart.o(.bss)
    .bss                                     0x20000566   Section       63  years_usb_hid.o(.bss)
    .bss                                     0x200005a5   Section       64  years_remote.o(.bss)
    .bss                                     0x200005e8   Section       28  usb_init.o(.bss)
    .bss                                     0x20000604   Section       64  usb_endp.o(.bss)
    .bss                                     0x20000644   Section       96  libspace.o(.bss)
    HEAP                                     0x200006a8   Section      512  startup_stm32f10x_hd.o(HEAP)
    Heap_Mem                                 0x200006a8   Data         512  startup_stm32f10x_hd.o(HEAP)
    STACK                                    0x200008a8   Section     1024  startup_stm32f10x_hd.o(STACK)
    Stack_Mem                                0x200008a8   Data        1024  startup_stm32f10x_hd.o(STACK)
    __initial_sp                             0x20000ca8   Data           0  startup_stm32f10x_hd.o(STACK)

    Global Symbols

    Symbol Name                              Value     Ov Type        Size  Object(Section)

    BuildAttributes$$THM_ISAv4$P$D$K$B$S$PE$A:L22UL41UL21$X:L11$S22US41US21$IEEE1$IW$USESV6$~STKCKD$USESV7$~SHL$OSPACE$ROPI$EBA8$UX$STANDARDLIB$REQ8$PRES8$EABIv2 0x00000000   Number         0  anon$$obj.o ABSOLUTE
    __ARM_use_no_argv                        0x00000000   Number         0  main.o ABSOLUTE
    __ARM_exceptions_init                     - Undefined Weak Reference
    __alloca_initialize                       - Undefined Weak Reference
    __cpp_initialize__aeabi_                  - Undefined Weak Reference
    __cxa_finalize                            - Undefined Weak Reference
    __rt_locale                               - Undefined Weak Reference
    __sigvec_lookup                           - Undefined Weak Reference
    _atexit_init                              - Undefined Weak Reference
    _call_atexit_fns                          - Undefined Weak Reference
    _clock_init                               - Undefined Weak Reference
    _fp_trap_init                             - Undefined Weak Reference
    _fp_trap_shutdown                         - Undefined Weak Reference
    _get_lc_collate                           - Undefined Weak Reference
    _get_lc_ctype                             - Undefined Weak Reference
    _get_lc_monetary                          - Undefined Weak Reference
    _get_lc_numeric                           - Undefined Weak Reference
    _get_lc_time                              - Undefined Weak Reference
    _getenv_init                              - Undefined Weak Reference
    _handle_redirection                       - Undefined Weak Reference
    _init_alloc                               - Undefined Weak Reference
    _init_user_alloc                          - Undefined Weak Reference
    _initio                                   - Undefined Weak Reference
    _rand_init                                - Undefined Weak Reference
    _signal_finish                            - Undefined Weak Reference
    _signal_init                              - Undefined Weak Reference
    _terminate_alloc                          - Undefined Weak Reference
    _terminate_user_alloc                     - Undefined Weak Reference
    _terminateio                              - Undefined Weak Reference
    __Vectors_Size                           0x00000130   Number         0  startup_stm32f10x_hd.o ABSOLUTE
    __Vectors                                0x08000000   Data           4  startup_stm32f10x_hd.o(RESET)
    __Vectors_End                            0x08000130   Data           0  startup_stm32f10x_hd.o(RESET)
    __main                                   0x08000131   Thumb Code     8  __main.o(!!!main)
    __scatterload                            0x08000139   Thumb Code     0  __scatter.o(!!!scatter)
    __scatterload_rt2                        0x08000139   Thumb Code    44  __scatter.o(!!!scatter)
    __scatterload_rt2_thumb_only             0x08000139   Thumb Code     0  __scatter.o(!!!scatter)
    __scatterload_null                       0x08000147   Thumb Code     0  __scatter.o(!!!scatter)
    __decompress                             0x0800016d   Thumb Code    90  __dczerorl2.o(!!dczerorl2)
    __decompress1                            0x0800016d   Thumb Code     0  __dczerorl2.o(!!dczerorl2)
    __scatterload_zeroinit                   0x080001c9   Thumb Code    28  __scatter_zi.o(!!handler_zi)
    __rt_lib_init                            0x080001e5   Thumb Code     0  libinit.o(.ARM.Collect$$libinit$$00000000)
    __rt_lib_init_alloca_1                   0x080001eb   Thumb Code     0  libinit2.o(.ARM.Collect$$libinit$$0000002A)
    __rt_lib_init_argv_1                     0x080001eb   Thumb Code     0  libinit2.o(.ARM.Collect$$libinit$$00000028)
    __rt_lib_init_atexit_1                   0x080001eb   Thumb Code     0  libinit2.o(.ARM.Collect$$libinit$$00000017)
    __rt_lib_init_clock_1                    0x080001eb   Thumb Code     0  libinit2.o(.ARM.Collect$$libinit$$0000001D)
    __rt_lib_init_cpp_1                      0x080001eb   Thumb Code     0  libinit2.o(.ARM.Collect$$libinit$$0000002E)
    __rt_lib_init_exceptions_1               0x080001eb   Thumb Code     0  libinit2.o(.ARM.Collect$$libinit$$0000002C)
    __rt_lib_init_fp_trap_1                  0x080001eb   Thumb Code     0  libinit2.o(.ARM.Collect$$libinit$$0000001B)
    __rt_lib_init_getenv_1                   0x080001eb   Thumb Code     0  libinit2.o(.ARM.Collect$$libinit$$0000001F)
    __rt_lib_init_heap_1                     0x080001eb   Thumb Code     0  libinit2.o(.ARM.Collect$$libinit$$00000006)
    __rt_lib_init_lc_collate_1               0x080001eb   Thumb Code     0  libinit2.o(.ARM.Collect$$libinit$$0000000D)
    __rt_lib_init_lc_ctype_1                 0x080001eb   Thumb Code     0  libinit2.o(.ARM.Collect$$libinit$$0000000F)
    __rt_lib_init_lc_monetary_1              0x080001eb   Thumb Code     0  libinit2.o(.ARM.Collect$$libinit$$00000011)
    __rt_lib_init_lc_numeric_1               0x080001eb   Thumb Code     0  libinit2.o(.ARM.Collect$$libinit$$00000013)
    __rt_lib_init_lc_time_1                  0x080001eb   Thumb Code     0  libinit2.o(.ARM.Collect$$libinit$$00000015)
    __rt_lib_init_rand_1                     0x080001eb   Thumb Code     0  libinit2.o(.ARM.Collect$$libinit$$0000000A)
    __rt_lib_init_return                     0x080001eb   Thumb Code     0  libinit2.o(.ARM.Collect$$libinit$$0000002F)
    __rt_lib_init_signal_1                   0x080001eb   Thumb Code     0  libinit2.o(.ARM.Collect$$libinit$$00000019)
    __rt_lib_init_stdio_1                    0x080001eb   Thumb Code     0  libinit2.o(.ARM.Collect$$libinit$$00000021)
    __rt_lib_init_user_alloc_1               0x080001eb   Thumb Code     0  libinit2.o(.ARM.Collect$$libinit$$00000008)
    __rt_lib_shutdown                        0x080001ed   Thumb Code     0  libshutdown.o(.ARM.Collect$$libshutdown$$00000000)
    __rt_lib_shutdown_fp_trap_1              0x080001ef   Thumb Code     0  libshutdown2.o(.ARM.Collect$$libshutdown$$00000006)
    __rt_lib_shutdown_heap_1                 0x080001ef   Thumb Code     0  libshutdown2.o(.ARM.Collect$$libshutdown$$0000000E)
    __rt_lib_shutdown_return                 0x080001ef   Thumb Code     0  libshutdown2.o(.ARM.Collect$$libshutdown$$0000000F)
    __rt_lib_shutdown_signal_1               0x080001ef   Thumb Code     0  libshutdown2.o(.ARM.Collect$$libshutdown$$00000009)
    __rt_lib_shutdown_stdio_1                0x080001ef   Thumb Code     0  libshutdown2.o(.ARM.Collect$$libshutdown$$00000003)
    __rt_lib_shutdown_user_alloc_1           0x080001ef   Thumb Code     0  libshutdown2.o(.ARM.Collect$$libshutdown$$0000000B)
    __rt_entry                               0x080001f1   Thumb Code     0  rtentry.o(.ARM.Collect$$rtentry$$00000000)
    __rt_entry_presh_1                       0x080001f1   Thumb Code     0  rtentry2.o(.ARM.Collect$$rtentry$$00000002)
    __rt_entry_sh                            0x080001f1   Thumb Code     0  rtentry4.o(.ARM.Collect$$rtentry$$00000004)
    __rt_entry_li                            0x080001f7   Thumb Code     0  rtentry2.o(.ARM.Collect$$rtentry$$0000000A)
    __rt_entry_postsh_1                      0x080001f7   Thumb Code     0  rtentry2.o(.ARM.Collect$$rtentry$$00000009)
    __rt_entry_main                          0x080001fb   Thumb Code     0  rtentry2.o(.ARM.Collect$$rtentry$$0000000D)
    __rt_entry_postli_1                      0x080001fb   Thumb Code     0  rtentry2.o(.ARM.Collect$$rtentry$$0000000C)
    __rt_exit                                0x08000203   Thumb Code     0  rtexit.o(.ARM.Collect$$rtexit$$00000000)
    __rt_exit_ls                             0x08000205   Thumb Code     0  rtexit2.o(.ARM.Collect$$rtexit$$00000003)
    __rt_exit_prels_1                        0x08000205   Thumb Code     0  rtexit2.o(.ARM.Collect$$rtexit$$00000002)
    __rt_exit_exit                           0x08000209   Thumb Code     0  rtexit2.o(.ARM.Collect$$rtexit$$00000004)
    main                                     0x08000211   Thumb Code   154  main.o(.text)
    Years_Loop                               0x080002e9   Thumb Code    94  years_schedule.o(.text)
    Years_LEDB_ON                            0x08000361   Thumb Code    14  years_led.o(.text)
    Years_LEDA_ON                            0x0800036f   Thumb Code    14  years_led.o(.text)
    Years_LED_Init                           0x0800037d   Thumb Code    48  years_led.o(.text)
    Years_LEDA_OFF                           0x080003ad   Thumb Code    14  years_led.o(.text)
    Years_LEDB_OFF                           0x080003bb   Thumb Code    14  years_led.o(.text)
    Years_LEDA_Twinkle                       0x080003c9   Thumb Code    64  years_led.o(.text)
    Years_LEDB_Twinkle                       0x08000409   Thumb Code    64  years_led.o(.text)
    cycleCounterInit                         0x08000451   Thumb Code    26  board.o(.text)
    Delay                                    0x0800046b   Thumb Code    10  board.o(.text)
    SysTick_IRQ                              0x08000475   Thumb Code    62  board.o(.text)
    USART1_IRQHandler                        0x080004d5   Thumb Code     8  stm32f10x_it.o(.text)
    TIM3_IRQHandler                          0x080004dd   Thumb Code     2  stm32f10x_it.o(.text)
    NMI_Handler                              0x080004df   Thumb Code     2  stm32f10x_it.o(.text)
    HardFault_Handler                        0x080004e1   Thumb Code     4  stm32f10x_it.o(.text)
    MemManage_Handler                        0x080004e5   Thumb Code     4  stm32f10x_it.o(.text)
    BusFault_Handler                         0x080004e9   Thumb Code     4  stm32f10x_it.o(.text)
    UsageFault_Handler                       0x080004ed   Thumb Code     4  stm32f10x_it.o(.text)
    SVC_Handler                              0x080004f1   Thumb Code     2  stm32f10x_it.o(.text)
    DebugMon_Handler                         0x080004f3   Thumb Code     2  stm32f10x_it.o(.text)
    PendSV_Handler                           0x080004f5   Thumb Code     2  stm32f10x_it.o(.text)
    SysTick_Handler                          0x080004f7   Thumb Code     8  stm32f10x_it.o(.text)
    USB_HP_CAN1_TX_IRQHandler                0x080004ff   Thumb Code     2  stm32f10x_it.o(.text)
    USB_LP_CAN1_RX0_IRQHandler               0x08000501   Thumb Code     8  stm32f10x_it.o(.text)
    Years_SPI_Init                           0x08000509   Thumb Code   206  years_spi.o(.text)
    Years_SPI_RW                             0x080005d7   Thumb Code    50  years_spi.o(.text)
    Years_SPI_CE_H                           0x08000609   Thumb Code    14  years_spi.o(.text)
    Years_SPI_CE_L                           0x08000617   Thumb Code    14  years_spi.o(.text)
    Years_SPI_CSN_H                          0x08000625   Thumb Code    12  years_spi.o(.text)
    Years_SPI_CSN_L                          0x08000631   Thumb Code    12  years_spi.o(.text)
    Years_NRF_Write_Reg                      0x08000649   Thumb Code    32  years_nrf24l01.o(.text)
    Years_NRF_Read_Reg                       0x08000669   Thumb Code    30  years_nrf24l01.o(.text)
    Years_NRF_Write_Buf                      0x08000687   Thumb Code    50  years_nrf24l01.o(.text)
    Years_NRF_Read_Buf                       0x080006b9   Thumb Code    52  years_nrf24l01.o(.text)
    Years_NRF_TxPacket                       0x080006ed   Thumb Code    36  years_nrf24l01.o(.text)
    Years_NRF_TxPacket_AP                    0x08000711   Thumb Code    26  years_nrf24l01.o(.text)
    Years_NRF_Init                           0x0800072b   Thumb Code   230  years_nrf24l01.o(.text)
    Years_NRF_Check                          0x08000811   Thumb Code    62  years_nrf24l01.o(.text)
    Years_NRF_Check_Event                    0x0800084f   Thumb Code    84  years_nrf24l01.o(.text)
    Uart1_Init                               0x080008b1   Thumb Code   208  years_uart.o(.text)
    Uart1_DeInit                             0x08000981   Thumb Code    40  years_uart.o(.text)
    Uart1_IRQ                                0x080009a9   Thumb Code   322  years_uart.o(.text)
    Uart1_Put_String                         0x08000b0d   Thumb Code    46  years_uart.o(.text)
    Uart1_Put_Buf                            0x08000b3b   Thumb Code    62  years_uart.o(.text)
    USB_HID_Init                             0x08000b9d   Thumb Code    42  years_usb_hid.o(.text)
    USB_SendString                           0x08000bc7   Thumb Code    56  years_usb_hid.o(.text)
    RemotePutRxBuf                           0x08000c09   Thumb Code    24  years_remote.o(.text)
    Remote_Send                              0x08000c21   Thumb Code    16  years_remote.o(.text)
    Years_KEY_Init                           0x08000c39   Thumb Code    32  years_key.o(.text)
    Key_Scan                                 0x08000c59   Thumb Code    52  years_key.o(.text)
    Key_Event                                0x08000c8d   Thumb Code    48  years_key.o(.text)
    Reset_Handler                            0x08000cc1   Thumb Code     8  startup_stm32f10x_hd.o(.text)
    ADC1_2_IRQHandler                        0x08000cdb   Thumb Code     0  startup_stm32f10x_hd.o(.text)
    ADC3_IRQHandler                          0x08000cdb   Thumb Code     0  startup_stm32f10x_hd.o(.text)
    CAN1_RX1_IRQHandler                      0x08000cdb   Thumb Code     0  startup_stm32f10x_hd.o(.text)
    CAN1_SCE_IRQHandler                      0x08000cdb   Thumb Code     0  startup_stm32f10x_hd.o(.text)
    DMA1_Channel1_IRQHandler                 0x08000cdb   Thumb Code     0  startup_stm32f10x_hd.o(.text)
    DMA1_Channel2_IRQHandler                 0x08000cdb   Thumb Code     0  startup_stm32f10x_hd.o(.text)
    DMA1_Channel3_IRQHandler                 0x08000cdb   Thumb Code     0  startup_stm32f10x_hd.o(.text)
    DMA1_Channel4_IRQHandler                 0x08000cdb   Thumb Code     0  startup_stm32f10x_hd.o(.text)
    DMA1_Channel5_IRQHandler                 0x08000cdb   Thumb Code     0  startup_stm32f10x_hd.o(.text)
    DMA1_Channel6_IRQHandler                 0x08000cdb   Thumb Code     0  startup_stm32f10x_hd.o(.text)
    DMA1_Channel7_IRQHandler                 0x08000cdb   Thumb Code     0  startup_stm32f10x_hd.o(.text)
    DMA2_Channel1_IRQHandler                 0x08000cdb   Thumb Code     0  startup_stm32f10x_hd.o(.text)
    DMA2_Channel2_IRQHandler                 0x08000cdb   Thumb Code     0  startup_stm32f10x_hd.o(.text)
    DMA2_Channel3_IRQHandler                 0x08000cdb   Thumb Code     0  startup_stm32f10x_hd.o(.text)
    DMA2_Channel4_5_IRQHandler               0x08000cdb   Thumb Code     0  startup_stm32f10x_hd.o(.text)
    EXTI0_IRQHandler                         0x08000cdb   Thumb Code     0  startup_stm32f10x_hd.o(.text)
    EXTI15_10_IRQHandler                     0x08000cdb   Thumb Code     0  startup_stm32f10x_hd.o(.text)
    EXTI1_IRQHandler                         0x08000cdb   Thumb Code     0  startup_stm32f10x_hd.o(.text)
    EXTI2_IRQHandler                         0x08000cdb   Thumb Code     0  startup_stm32f10x_hd.o(.text)
    EXTI3_IRQHandler                         0x08000cdb   Thumb Code     0  startup_stm32f10x_hd.o(.text)
    EXTI4_IRQHandler                         0x08000cdb   Thumb Code     0  startup_stm32f10x_hd.o(.text)
    EXTI9_5_IRQHandler                       0x08000cdb   Thumb Code     0  startup_stm32f10x_hd.o(.text)
    FLASH_IRQHandler                         0x08000cdb   Thumb Code     0  startup_stm32f10x_hd.o(.text)
    FSMC_IRQHandler                          0x08000cdb   Thumb Code     0  startup_stm32f10x_hd.o(.text)
    I2C1_ER_IRQHandler                       0x08000cdb   Thumb Code     0  startup_stm32f10x_hd.o(.text)
    I2C1_EV_IRQHandler                       0x08000cdb   Thumb Code     0  startup_stm32f10x_hd.o(.text)
    I2C2_ER_IRQHandler                       0x08000cdb   Thumb Code     0  startup_stm32f10x_hd.o(.text)
    I2C2_EV_IRQHandler                       0x08000cdb   Thumb Code     0  startup_stm32f10x_hd.o(.text)
    PVD_IRQHandler                           0x08000cdb   Thumb Code     0  startup_stm32f10x_hd.o(.text)
    RCC_IRQHandler                           0x08000cdb   Thumb Code     0  startup_stm32f10x_hd.o(.text)
    RTCAlarm_IRQHandler                      0x08000cdb   Thumb Code     0  startup_stm32f10x_hd.o(.text)
    RTC_IRQHandler                           0x08000cdb   Thumb Code     0  startup_stm32f10x_hd.o(.text)
    SDIO_IRQHandler                          0x08000cdb   Thumb Code     0  startup_stm32f10x_hd.o(.text)
    SPI1_IRQHandler                          0x08000cdb   Thumb Code     0  startup_stm32f10x_hd.o(.text)
    SPI2_IRQHandler                          0x08000cdb   Thumb Code     0  startup_stm32f10x_hd.o(.text)
    SPI3_IRQHandler                          0x08000cdb   Thumb Code     0  startup_stm32f10x_hd.o(.text)
    TAMPER_IRQHandler                        0x08000cdb   Thumb Code     0  startup_stm32f10x_hd.o(.text)
    TIM1_BRK_IRQHandler                      0x08000cdb   Thumb Code     0  startup_stm32f10x_hd.o(.text)
    TIM1_CC_IRQHandler                       0x08000cdb   Thumb Code     0  startup_stm32f10x_hd.o(.text)
    TIM1_TRG_COM_IRQHandler                  0x08000cdb   Thumb Code     0  startup_stm32f10x_hd.o(.text)
    TIM1_UP_IRQHandler                       0x08000cdb   Thumb Code     0  startup_stm32f10x_hd.o(.text)
    TIM2_IRQHandler                          0x08000cdb   Thumb Code     0  startup_stm32f10x_hd.o(.text)
    TIM4_IRQHandler                          0x08000cdb   Thumb Code     0  startup_stm32f10x_hd.o(.text)
    TIM5_IRQHandler                          0x08000cdb   Thumb Code     0  startup_stm32f10x_hd.o(.text)
    TIM6_IRQHandler                          0x08000cdb   Thumb Code     0  startup_stm32f10x_hd.o(.text)
    TIM7_IRQHandler                          0x08000cdb   Thumb Code     0  startup_stm32f10x_hd.o(.text)
    TIM8_BRK_IRQHandler                      0x08000cdb   Thumb Code     0  startup_stm32f10x_hd.o(.text)
    TIM8_CC_IRQHandler                       0x08000cdb   Thumb Code     0  startup_stm32f10x_hd.o(.text)
    TIM8_TRG_COM_IRQHandler                  0x08000cdb   Thumb Code     0  startup_stm32f10x_hd.o(.text)
    TIM8_UP_IRQHandler                       0x08000cdb   Thumb Code     0  startup_stm32f10x_hd.o(.text)
    UART4_IRQHandler                         0x08000cdb   Thumb Code     0  startup_stm32f10x_hd.o(.text)
    UART5_IRQHandler                         0x08000cdb   Thumb Code     0  startup_stm32f10x_hd.o(.text)
    USART2_IRQHandler                        0x08000cdb   Thumb Code     0  startup_stm32f10x_hd.o(.text)
    USART3_IRQHandler                        0x08000cdb   Thumb Code     0  startup_stm32f10x_hd.o(.text)
    USBWakeUp_IRQHandler                     0x08000cdb   Thumb Code     0  startup_stm32f10x_hd.o(.text)
    WWDG_IRQHandler                          0x08000cdb   Thumb Code     0  startup_stm32f10x_hd.o(.text)
    __user_initial_stackheap                 0x08000cdd   Thumb Code     0  startup_stm32f10x_hd.o(.text)
    SystemInit                               0x08000dc9   Thumb Code    78  system_stm32f10x.o(.text)
    SystemCoreClockUpdate                    0x08000e17   Thumb Code   142  system_stm32f10x.o(.text)
    NVIC_PriorityGroupConfig                 0x08000ec9   Thumb Code    10  misc.o(.text)
    NVIC_Init                                0x08000ed3   Thumb Code   102  misc.o(.text)
    NVIC_SetVectorTable                      0x08000f39   Thumb Code    14  misc.o(.text)
    NVIC_SystemLPConfig                      0x08000f47   Thumb Code    34  misc.o(.text)
    SysTick_CLKSourceConfig                  0x08000f69   Thumb Code    40  misc.o(.text)
    GPIO_DeInit                              0x08000fa5   Thumb Code   172  stm32f10x_gpio.o(.text)
    GPIO_AFIODeInit                          0x08001051   Thumb Code    20  stm32f10x_gpio.o(.text)
    GPIO_Init                                0x08001065   Thumb Code   274  stm32f10x_gpio.o(.text)
    GPIO_StructInit                          0x08001177   Thumb Code    16  stm32f10x_gpio.o(.text)
    GPIO_ReadInputDataBit                    0x08001187   Thumb Code    18  stm32f10x_gpio.o(.text)
    GPIO_ReadInputData                       0x08001199   Thumb Code     8  stm32f10x_gpio.o(.text)
    GPIO_ReadOutputDataBit                   0x080011a1   Thumb Code    18  stm32f10x_gpio.o(.text)
    GPIO_ReadOutputData                      0x080011b3   Thumb Code     8  stm32f10x_gpio.o(.text)
    GPIO_SetBits                             0x080011bb   Thumb Code     4  stm32f10x_gpio.o(.text)
    GPIO_ResetBits                           0x080011bf   Thumb Code     4  stm32f10x_gpio.o(.text)
    GPIO_WriteBit                            0x080011c3   Thumb Code    10  stm32f10x_gpio.o(.text)
    GPIO_Write                               0x080011cd   Thumb Code     4  stm32f10x_gpio.o(.text)
    GPIO_PinLockConfig                       0x080011d1   Thumb Code    18  stm32f10x_gpio.o(.text)
    GPIO_EventOutputConfig                   0x080011e3   Thumb Code    26  stm32f10x_gpio.o(.text)
    GPIO_EventOutputCmd                      0x080011fd   Thumb Code     6  stm32f10x_gpio.o(.text)
    GPIO_PinRemapConfig                      0x08001203   Thumb Code   138  stm32f10x_gpio.o(.text)
    GPIO_EXTILineConfig                      0x0800128d   Thumb Code    66  stm32f10x_gpio.o(.text)
    GPIO_ETH_MediaInterfaceConfig            0x080012cf   Thumb Code     6  stm32f10x_gpio.o(.text)
    RCC_DeInit                               0x080012fd   Thumb Code    64  stm32f10x_rcc.o(.text)
    RCC_HSEConfig                            0x0800133d   Thumb Code    70  stm32f10x_rcc.o(.text)
    RCC_GetFlagStatus                        0x08001383   Thumb Code    56  stm32f10x_rcc.o(.text)
    RCC_WaitForHSEStartUp                    0x080013bb   Thumb Code    48  stm32f10x_rcc.o(.text)
    RCC_AdjustHSICalibrationValue            0x080013eb   Thumb Code    20  stm32f10x_rcc.o(.text)
    RCC_HSICmd                               0x080013ff   Thumb Code     6  stm32f10x_rcc.o(.text)
    RCC_PLLConfig                            0x08001405   Thumb Code    24  stm32f10x_rcc.o(.text)
    RCC_PLLCmd                               0x0800141d   Thumb Code     6  stm32f10x_rcc.o(.text)
    RCC_SYSCLKConfig                         0x08001423   Thumb Code    18  stm32f10x_rcc.o(.text)
    RCC_GetSYSCLKSource                      0x08001435   Thumb Code    10  stm32f10x_rcc.o(.text)
    RCC_HCLKConfig                           0x0800143f   Thumb Code    18  stm32f10x_rcc.o(.text)
    RCC_PCLK1Config                          0x08001451   Thumb Code    18  stm32f10x_rcc.o(.text)
    RCC_PCLK2Config                          0x08001463   Thumb Code    20  stm32f10x_rcc.o(.text)
    RCC_ITConfig                             0x08001477   Thumb Code    30  stm32f10x_rcc.o(.text)
    RCC_USBCLKConfig                         0x08001495   Thumb Code     6  stm32f10x_rcc.o(.text)
    RCC_ADCCLKConfig                         0x0800149b   Thumb Code    18  stm32f10x_rcc.o(.text)
    RCC_LSEConfig                            0x080014ad   Thumb Code    44  stm32f10x_rcc.o(.text)
    RCC_LSICmd                               0x080014d9   Thumb Code     6  stm32f10x_rcc.o(.text)
    RCC_RTCCLKConfig                         0x080014df   Thumb Code    12  stm32f10x_rcc.o(.text)
    RCC_RTCCLKCmd                            0x080014eb   Thumb Code     8  stm32f10x_rcc.o(.text)
    RCC_GetClocksFreq                        0x080014f3   Thumb Code   192  stm32f10x_rcc.o(.text)
    RCC_AHBPeriphClockCmd                    0x080015b3   Thumb Code    26  stm32f10x_rcc.o(.text)
    RCC_APB2PeriphClockCmd                   0x080015cd   Thumb Code    26  stm32f10x_rcc.o(.text)
    RCC_APB1PeriphClockCmd                   0x080015e7   Thumb Code    26  stm32f10x_rcc.o(.text)
    RCC_APB2PeriphResetCmd                   0x08001601   Thumb Code    26  stm32f10x_rcc.o(.text)
    RCC_APB1PeriphResetCmd                   0x0800161b   Thumb Code    26  stm32f10x_rcc.o(.text)
    RCC_BackupResetCmd                       0x08001635   Thumb Code     8  stm32f10x_rcc.o(.text)
    RCC_ClockSecuritySystemCmd               0x0800163d   Thumb Code     6  stm32f10x_rcc.o(.text)
    RCC_MCOConfig                            0x08001643   Thumb Code     6  stm32f10x_rcc.o(.text)
    RCC_ClearFlag                            0x08001649   Thumb Code    14  stm32f10x_rcc.o(.text)
    RCC_GetITStatus                          0x08001657   Thumb Code    20  stm32f10x_rcc.o(.text)
    RCC_ClearITPendingBit                    0x0800166b   Thumb Code     6  stm32f10x_rcc.o(.text)
    SPI_I2S_DeInit                           0x0800169d   Thumb Code    76  stm32f10x_spi.o(.text)
    SPI_Init                                 0x080016e9   Thumb Code    60  stm32f10x_spi.o(.text)
    I2S_Init                                 0x08001725   Thumb Code   222  stm32f10x_spi.o(.text)
    SPI_StructInit                           0x08001803   Thumb Code    24  stm32f10x_spi.o(.text)
    I2S_StructInit                           0x0800181b   Thumb Code    20  stm32f10x_spi.o(.text)
    SPI_Cmd                                  0x0800182f   Thumb Code    24  stm32f10x_spi.o(.text)
    I2S_Cmd                                  0x08001847   Thumb Code    24  stm32f10x_spi.o(.text)
    SPI_I2S_ITConfig                         0x0800185f   Thumb Code    36  stm32f10x_spi.o(.text)
    SPI_I2S_DMACmd                           0x08001883   Thumb Code    24  stm32f10x_spi.o(.text)
    SPI_I2S_SendData                         0x0800189b   Thumb Code     4  stm32f10x_spi.o(.text)
    SPI_I2S_ReceiveData                      0x0800189f   Thumb Code     6  stm32f10x_spi.o(.text)
    SPI_NSSInternalSoftwareConfig            0x080018a5   Thumb Code    30  stm32f10x_spi.o(.text)
    SPI_SSOutputCmd                          0x080018c3   Thumb Code    24  stm32f10x_spi.o(.text)
    SPI_DataSizeConfig                       0x080018db   Thumb Code    18  stm32f10x_spi.o(.text)
    SPI_TransmitCRC                          0x080018ed   Thumb Code    10  stm32f10x_spi.o(.text)
    SPI_CalculateCRC                         0x080018f7   Thumb Code    24  stm32f10x_spi.o(.text)
    SPI_GetCRC                               0x0800190f   Thumb Code    16  stm32f10x_spi.o(.text)
    SPI_GetCRCPolynomial                     0x0800191f   Thumb Code     6  stm32f10x_spi.o(.text)
    SPI_BiDirectionalLineConfig              0x08001925   Thumb Code    28  stm32f10x_spi.o(.text)
    SPI_I2S_GetFlagStatus                    0x08001941   Thumb Code    18  stm32f10x_spi.o(.text)
    SPI_I2S_ClearFlag                        0x08001953   Thumb Code     6  stm32f10x_spi.o(.text)
    SPI_I2S_GetITStatus                      0x08001959   Thumb Code    52  stm32f10x_spi.o(.text)
    SPI_I2S_ClearITPendingBit                0x0800198d   Thumb Code    20  stm32f10x_spi.o(.text)
    USART_DeInit                             0x080019ad   Thumb Code   134  stm32f10x_usart.o(.text)
    USART_Init                               0x08001a33   Thumb Code   210  stm32f10x_usart.o(.text)
    USART_StructInit                         0x08001b05   Thumb Code    24  stm32f10x_usart.o(.text)
    USART_ClockInit                          0x08001b1d   Thumb Code    34  stm32f10x_usart.o(.text)
    USART_ClockStructInit                    0x08001b3f   Thumb Code    12  stm32f10x_usart.o(.text)
    USART_Cmd                                0x08001b4b   Thumb Code    24  stm32f10x_usart.o(.text)
    USART_ITConfig                           0x08001b63   Thumb Code    74  stm32f10x_usart.o(.text)
    USART_DMACmd                             0x08001bad   Thumb Code    24  stm32f10x_usart.o(.text)
    USART_SetAddress                         0x08001bc5   Thumb Code    18  stm32f10x_usart.o(.text)
    USART_WakeUpConfig                       0x08001bd7   Thumb Code    18  stm32f10x_usart.o(.text)
    USART_ReceiverWakeUpCmd                  0x08001be9   Thumb Code    24  stm32f10x_usart.o(.text)
    USART_LINBreakDetectLengthConfig         0x08001c01   Thumb Code    18  stm32f10x_usart.o(.text)
    USART_LINCmd                             0x08001c13   Thumb Code    24  stm32f10x_usart.o(.text)
    USART_SendData                           0x08001c2b   Thumb Code     8  stm32f10x_usart.o(.text)
    USART_ReceiveData                        0x08001c33   Thumb Code    10  stm32f10x_usart.o(.text)
    USART_SendBreak                          0x08001c3d   Thumb Code    10  stm32f10x_usart.o(.text)
    USART_SetGuardTime                       0x08001c47   Thumb Code    16  stm32f10x_usart.o(.text)
    USART_SetPrescaler                       0x08001c57   Thumb Code    16  stm32f10x_usart.o(.text)
    USART_SmartCardCmd                       0x08001c67   Thumb Code    24  stm32f10x_usart.o(.text)
    USART_SmartCardNACKCmd                   0x08001c7f   Thumb Code    24  stm32f10x_usart.o(.text)
    USART_HalfDuplexCmd                      0x08001c97   Thumb Code    24  stm32f10x_usart.o(.text)
    USART_OverSampling8Cmd                   0x08001caf   Thumb Code    22  stm32f10x_usart.o(.text)
    USART_OneBitMethodCmd                    0x08001cc5   Thumb Code    24  stm32f10x_usart.o(.text)
    USART_IrDAConfig                         0x08001cdd   Thumb Code    18  stm32f10x_usart.o(.text)
    USART_IrDACmd                            0x08001cef   Thumb Code    24  stm32f10x_usart.o(.text)
    USART_GetFlagStatus                      0x08001d07   Thumb Code    26  stm32f10x_usart.o(.text)
    USART_ClearFlag                          0x08001d21   Thumb Code    18  stm32f10x_usart.o(.text)
    USART_GetITStatus                        0x08001d33   Thumb Code    84  stm32f10x_usart.o(.text)
    USART_ClearITPendingBit                  0x08001d87   Thumb Code    50  stm32f10x_usart.o(.text)
    Standard_GetConfiguration                0x08001db9   Thumb Code    34  usb_core.o(.text)
    Standard_SetConfiguration                0x08001ddb   Thumb Code    60  usb_core.o(.text)
    Standard_GetInterface                    0x08001e17   Thumb Code    34  usb_core.o(.text)
    Standard_SetInterface                    0x08001e39   Thumb Code    96  usb_core.o(.text)
    Standard_GetStatus                       0x08001e99   Thumb Code   216  usb_core.o(.text)
    Standard_ClearFeature                    0x08001f71   Thumb Code   296  usb_core.o(.text)
    Standard_SetEndPointFeature              0x08002099   Thumb Code   156  usb_core.o(.text)
    Standard_SetDeviceFeature                0x08002135   Thumb Code    30  usb_core.o(.text)
    Standard_GetDescriptorData               0x08002153   Thumb Code    32  usb_core.o(.text)
    Post0_Process                            0x0800269d   Thumb Code    54  usb_core.o(.text)
    Setup0_Process                           0x080026d3   Thumb Code   162  usb_core.o(.text)
    SetDeviceAddress                         0x08002775   Thumb Code    62  usb_core.o(.text)
    In0_Process                              0x080027b3   Thumb Code    98  usb_core.o(.text)
    Out0_Process                             0x08002815   Thumb Code    70  usb_core.o(.text)
    NOP_Process                              0x0800285b   Thumb Code     2  usb_core.o(.text)
    USB_Init                                 0x08002885   Thumb Code    36  usb_init.o(.text)
    CTR_LP                                   0x080028c1   Thumb Code   778  usb_int.o(.text)
    CTR_HP                                   0x08002bcb   Thumb Code   162  usb_int.o(.text)
    UserToPMABufferCopy                      0x08002c89   Thumb Code    52  usb_mem.o(.text)
    PMAToUserBufferCopy                      0x08002cbd   Thumb Code    32  usb_mem.o(.text)
    SetCNTR                                  0x08002ce1   Thumb Code     6  usb_regs.o(.text)
    GetCNTR                                  0x08002ce7   Thumb Code     8  usb_regs.o(.text)
    SetISTR                                  0x08002cef   Thumb Code     8  usb_regs.o(.text)
    GetISTR                                  0x08002cf7   Thumb Code    10  usb_regs.o(.text)
    GetFNR                                   0x08002d01   Thumb Code    10  usb_regs.o(.text)
    SetDADDR                                 0x08002d0b   Thumb Code     8  usb_regs.o(.text)
    GetDADDR                                 0x08002d13   Thumb Code    10  usb_regs.o(.text)
    SetBTABLE                                0x08002d1d   Thumb Code    14  usb_regs.o(.text)
    GetBTABLE                                0x08002d2b   Thumb Code    10  usb_regs.o(.text)
    SetENDPOINT                              0x08002d35   Thumb Code    10  usb_regs.o(.text)
    GetENDPOINT                              0x08002d3f   Thumb Code    14  usb_regs.o(.text)
    SetEPType                                0x08002d4d   Thumb Code    28  usb_regs.o(.text)
    GetEPType                                0x08002d69   Thumb Code    16  usb_regs.o(.text)
    SetEPTxStatus                            0x08002d79   Thumb Code    50  usb_regs.o(.text)
    SetEPRxStatus                            0x08002dab   Thumb Code    50  usb_regs.o(.text)
    SetDouBleBuffEPStall                     0x08002ddd   Thumb Code    50  usb_regs.o(.text)
    GetEPTxStatus                            0x08002e0f   Thumb Code    16  usb_regs.o(.text)
    GetEPRxStatus                            0x08002e1f   Thumb Code    16  usb_regs.o(.text)
    SetEPTxValid                             0x08002e2f   Thumb Code    36  usb_regs.o(.text)
    SetEPRxValid                             0x08002e53   Thumb Code    36  usb_regs.o(.text)
    SetEP_KIND                               0x08002e77   Thumb Code    30  usb_regs.o(.text)
    ClearEP_KIND                             0x08002e95   Thumb Code    26  usb_regs.o(.text)
    Clear_Status_Out                         0x08002eaf   Thumb Code    26  usb_regs.o(.text)
    Set_Status_Out                           0x08002ec9   Thumb Code    30  usb_regs.o(.text)
    SetEPDoubleBuff                          0x08002ee7   Thumb Code    30  usb_regs.o(.text)
    ClearEPDoubleBuff                        0x08002f05   Thumb Code    26  usb_regs.o(.text)
    GetTxStallStatus                         0x08002f1f   Thumb Code    26  usb_regs.o(.text)
    GetRxStallStatus                         0x08002f39   Thumb Code    28  usb_regs.o(.text)
    ClearEP_CTR_RX                           0x08002f55   Thumb Code    28  usb_regs.o(.text)
    ClearEP_CTR_TX                           0x08002f71   Thumb Code    26  usb_regs.o(.text)
    ToggleDTOG_RX                            0x08002f8b   Thumb Code    30  usb_regs.o(.text)
    ToggleDTOG_TX                            0x08002fa9   Thumb Code    30  usb_regs.o(.text)
    ClearDTOG_RX                             0x08002fc7   Thumb Code    44  usb_regs.o(.text)
    ClearDTOG_TX                             0x08002ff3   Thumb Code    44  usb_regs.o(.text)
    SetEPAddress                             0x0800301f   Thumb Code    28  usb_regs.o(.text)
    GetEPAddress                             0x0800303b   Thumb Code    16  usb_regs.o(.text)
    SetEPTxAddr                              0x0800304b   Thumb Code    26  usb_regs.o(.text)
    SetEPRxAddr                              0x08003065   Thumb Code    28  usb_regs.o(.text)
    GetEPTxAddr                              0x08003081   Thumb Code    24  usb_regs.o(.text)
    GetEPRxAddr                              0x08003099   Thumb Code    26  usb_regs.o(.text)
    SetEPTxCount                             0x080030b3   Thumb Code    30  usb_regs.o(.text)
    SetEPCountRxReg                          0x080030d1   Thumb Code    48  usb_regs.o(.text)
    SetEPRxCount                             0x08003101   Thumb Code    68  usb_regs.o(.text)
    GetEPTxCount                             0x08003145   Thumb Code    26  usb_regs.o(.text)
    GetEPRxCount                             0x0800315f   Thumb Code    26  usb_regs.o(.text)
    SetEPDblBuffAddr                         0x08003179   Thumb Code    44  usb_regs.o(.text)
    SetEPDblBuf0Addr                         0x080031a5   Thumb Code    24  usb_regs.o(.text)
    SetEPDblBuf1Addr                         0x080031bd   Thumb Code    26  usb_regs.o(.text)
    GetEPDblBuf0Addr                         0x080031d7   Thumb Code    22  usb_regs.o(.text)
    GetEPDblBuf1Addr                         0x080031ed   Thumb Code    24  usb_regs.o(.text)
    SetEPDblBuffCount                        0x08003205   Thumb Code   186  usb_regs.o(.text)
    SetEPDblBuf0Count                        0x080032bf   Thumb Code    96  usb_regs.o(.text)
    SetEPDblBuf1Count                        0x0800331f   Thumb Code    96  usb_regs.o(.text)
    GetEPDblBuf0Count                        0x0800337f   Thumb Code    26  usb_regs.o(.text)
    GetEPDblBuf1Count                        0x08003399   Thumb Code    26  usb_regs.o(.text)
    GetEPDblBufDir                           0x080033b3   Thumb Code    62  usb_regs.o(.text)
    FreeUserBuffer                           0x080033f1   Thumb Code    68  usb_regs.o(.text)
    ToWord                                   0x08003435   Thumb Code     8  usb_regs.o(.text)
    ByteSwap                                 0x0800343d   Thumb Code    12  usb_regs.o(.text)
    Set_USBClock                             0x08003451   Thumb Code    18  usb_config.o(.text)
    Enter_LowPowerMode                       0x08003463   Thumb Code     8  usb_config.o(.text)
    Leave_LowPowerMode                       0x0800346b   Thumb Code    22  usb_config.o(.text)
    USB_Interrupts_Config                    0x08003481   Thumb Code    34  usb_config.o(.text)
    USB_Cable_Config                         0x080034a3   Thumb Code     2  usb_config.o(.text)
    USB_GPIO_Configuration                   0x080034a5   Thumb Code     2  usb_config.o(.text)
    DisableClock                             0x080034a7   Thumb Code    22  usb_config.o(.text)
    Get_SerialNum                            0x080034bd   Thumb Code    62  usb_config.o(.text)
    USB_Connect                              0x080034fb   Thumb Code    78  usb_config.o(.text)
    EP1_OUT_Callback                         0x08003565   Thumb Code    28  usb_endp.o(.text)
    EP2_IN_Callback                          0x08003581   Thumb Code    20  usb_endp.o(.text)
    USB_Istr                                 0x080035a1   Thumb Code   222  usb_istr.o(.text)
    CustomHID_init                           0x08003699   Thumb Code    50  usb_prop.o(.text)
    CustomHID_Reset                          0x080036cb   Thumb Code   176  usb_prop.o(.text)
    CustomHID_SetConfiguration               0x0800377b   Thumb Code    16  usb_prop.o(.text)
    CustomHID_SetDeviceAddress               0x0800378b   Thumb Code     8  usb_prop.o(.text)
    CustomHID_Status_In                      0x08003793   Thumb Code     2  usb_prop.o(.text)
    CustomHID_Status_Out                     0x08003795   Thumb Code     2  usb_prop.o(.text)
    CustomHID_GetProtocolValue               0x08003797   Thumb Code    20  usb_prop.o(.text)
    CustomHID_GetHIDDescriptor               0x080037ab   Thumb Code    14  usb_prop.o(.text)
    CustomHID_GetReportDescriptor            0x080037b9   Thumb Code    14  usb_prop.o(.text)
    CustomHID_Data_Setup                     0x080037c7   Thumb Code   114  usb_prop.o(.text)
    CustomHID_SetProtocol                    0x08003839   Thumb Code    14  usb_prop.o(.text)
    CustomHID_NoData_Setup                   0x08003847   Thumb Code    32  usb_prop.o(.text)
    CustomHID_GetDeviceDescriptor            0x08003867   Thumb Code    14  usb_prop.o(.text)
    CustomHID_GetConfigDescriptor            0x08003875   Thumb Code    14  usb_prop.o(.text)
    CustomHID_GetStringDescriptor            0x08003883   Thumb Code    32  usb_prop.o(.text)
    CustomHID_Get_Interface_Setting          0x080038a3   Thumb Code    22  usb_prop.o(.text)
    PowerOn                                  0x080038e9   Thumb Code    54  usb_pwr.o(.text)
    PowerOff                                 0x0800391f   Thumb Code    28  usb_pwr.o(.text)
    Suspend                                  0x0800393b   Thumb Code    34  usb_pwr.o(.text)
    Resume_Init                              0x0800395d   Thumb Code    30  usb_pwr.o(.text)
    Resume                                   0x0800397b   Thumb Code   168  usb_pwr.o(.text)
    __use_two_region_memory                  0x08003a31   Thumb Code     2  heapauxi.o(.text)
    __rt_heap_escrow$2region                 0x08003a33   Thumb Code     2  heapauxi.o(.text)
    __rt_heap_expand$2region                 0x08003a35   Thumb Code     2  heapauxi.o(.text)
    __user_setup_stackheap                   0x08003a37   Thumb Code    74  sys_stackheap_outer.o(.text)
    exit                                     0x08003a81   Thumb Code    12  exit.o(.text)
    __user_libspace                          0x08003a8d   Thumb Code     8  libspace.o(.text)
    __user_perproc_libspace                  0x08003a8d   Thumb Code     0  libspace.o(.text)
    __user_perthread_libspace                0x08003a8d   Thumb Code     0  libspace.o(.text)
    __rt_fp_status_addr                      0x08003a95   Thumb Code     8  rt_fp_status_addr_intlibspace.o(.text)
    _sys_exit                                0x08003a9d   Thumb Code     8  sys_exit.o(.text)
    __I$use$semihosting                      0x08003aa9   Thumb Code     0  use_no_semi.o(.text)
    __use_no_semihosting_swi                 0x08003aa9   Thumb Code     2  use_no_semi.o(.text)
    __semihosting_library_function           0x08003aab   Thumb Code     0  indicate_semi.o(.text)
    _fp_init                                 0x08003aab   Thumb Code    14  fpinit.o(x$fpl$fpinit)
    __fplib_config_pureend_doubles           0x08003ab7   Thumb Code     0  fpinit.o(x$fpl$fpinit)
    CustomHID_DeviceDescriptor               0x08003ab8   Data          18  usb_desc.o(.constdata)
    CustomHID_ConfigDescriptor               0x08003aca   Data          41  usb_desc.o(.constdata)
    CustomHID_ReportDescriptor               0x08003af3   Data          33  usb_desc.o(.constdata)
    CustomHID_StringLangID                   0x08003b14   Data           4  usb_desc.o(.constdata)
    CustomHID_StringVendor                   0x08003b18   Data          20  usb_desc.o(.constdata)
    CustomHID_StringProduct                  0x08003b2c   Data          18  usb_desc.o(.constdata)
    Region$$Table$$Base                      0x08003b40   Number         0  anon$$obj.o(Region$$Table)
    Region$$Table$$Limit                     0x08003b60   Number         0  anon$$obj.o(Region$$Table)
    NRF_ENABLE                               0x20000000   Data           1  main.o(.data)
    UART1_ENABLE                             0x20000001   Data           1  main.o(.data)
    S_cnt_1ms                                0x20000002   Data           2  years_schedule.o(.data)
    S_cnt_2ms                                0x20000004   Data           2  years_schedule.o(.data)
    S_cnt_5ms                                0x20000006   Data           2  years_schedule.o(.data)
    S_cnt_10ms                               0x20000008   Data           2  years_schedule.o(.data)
    S_cnt_20ms                               0x2000000a   Data           2  years_schedule.o(.data)
    TX_ADDRESS                               0x20000014   Data           5  years_nrf24l01.o(.data)
    RX_ADDRESS                               0x20000019   Data           5  years_nrf24l01.o(.data)
    TxCounter                                0x2000001e   Data           1  years_uart.o(.data)
    count                                    0x2000001f   Data           1  years_uart.o(.data)
    SystemCoreClock                          0x20000024   Data           4  system_stm32f10x.o(.data)
    AHBPrescTable                            0x20000028   Data          16  system_stm32f10x.o(.data)
    Data_Mul_MaxPacketSize                   0x2000004c   Data           1  usb_core.o(.data)
    StatusInfo                               0x2000004e   Data           2  usb_core.o(.data)
    EPindex                                  0x20000050   Data           1  usb_init.o(.data)
    pInformation                             0x20000054   Data           4  usb_init.o(.data)
    pProperty                                0x20000058   Data           4  usb_init.o(.data)
    SaveState                                0x2000005c   Data           2  usb_init.o(.data)
    wInterrupt_Mask                          0x2000005e   Data           2  usb_init.o(.data)
    pUser_Standard_Requests                  0x20000060   Data           4  usb_init.o(.data)
    SaveRState                               0x20000064   Data           2  usb_int.o(.data)
    SaveTState                               0x20000066   Data           2  usb_int.o(.data)
    CustomHID_StringSerial                   0x20000068   Data          26  usb_desc.o(.data)
    USB_ReceiveFlg                           0x20000082   Data           1  usb_endp.o(.data)
    bIntPackSOF                              0x20000084   Data           1  usb_istr.o(.data)
    pEpInt_IN                                0x20000088   Data          28  usb_istr.o(.data)
    pEpInt_OUT                               0x200000a4   Data          28  usb_istr.o(.data)
    wIstr                                    0x200000c0   Data           2  usb_istr.o(.data)
    Device_Table                             0x200000c4   Data           2  usb_prop.o(.data)
    Device_Property                          0x200000c8   Data          48  usb_prop.o(.data)
    User_Standard_Requests                   0x200000f8   Data          36  usb_prop.o(.data)
    Device_Descriptor                        0x2000011c   Data           8  usb_prop.o(.data)
    Config_Descriptor                        0x20000124   Data           8  usb_prop.o(.data)
    CustomHID_Report_Descriptor              0x2000012c   Data           8  usb_prop.o(.data)
    CustomHID_Hid_Descriptor                 0x20000134   Data           8  usb_prop.o(.data)
    String_Descriptor                        0x2000013c   Data          32  usb_prop.o(.data)
    ProtocolValue                            0x2000015c   Data           4  usb_prop.o(.data)
    bDeviceState                             0x20000160   Data           4  usb_pwr.o(.data)
    fSuspendEnabled                          0x20000164   Data           1  usb_pwr.o(.data)
    ResumeS                                  0x20000165   Data           2  usb_pwr.o(.data)
    NRF24L01_2_RXDATA                        0x20000168   Data         255  years_nrf24l01.o(.bss)
    NRF24L01_2_TXDATA                        0x20000267   Data         255  years_nrf24l01.o(.bss)
    TxBuffer                                 0x20000366   Data         256  years_uart.o(.bss)
    Hid_RxData                               0x20000566   Data          63  years_usb_hid.o(.bss)
    Rx_Buffer                                0x200005a5   Data          32  years_remote.o(.bss)
    Tx_Buffer                                0x200005c5   Data          32  years_remote.o(.bss)
    Device_Info                              0x200005e8   Data          28  usb_init.o(.bss)
    Transi_Buffer                            0x20000604   Data          64  usb_endp.o(.bss)
    __libspace_start                         0x20000644   Data          96  libspace.o(.bss)
    __temporary_stack_top$libspace           0x200006a4   Data           0  libspace.o(.bss)



==============================================================================

Memory Map of the image

  Image Entry point : 0x08000131

  Load Region LR_IROM1 (Base: 0x08000000, Size: 0x00003cc8, Max: 0x00080000, ABSOLUTE, COMPRESSED[0x00003bfc])

    Execution Region ER_IROM1 (Base: 0x08000000, Size: 0x00003b60, Max: 0x00080000, ABSOLUTE)

    Base Addr    Size         Type   Attr      Idx    E Section Name        Object

    0x08000000   0x00000130   Data   RO          325    RESET               startup_stm32f10x_hd.o
    0x08000130   0x00000008   Code   RO          766  * !!!main             c_w.l(__main.o)
    0x08000138   0x00000034   Code   RO          925    !!!scatter          c_w.l(__scatter.o)
    0x0800016c   0x0000005a   Code   RO          923    !!dczerorl2         c_w.l(__dczerorl2.o)
    0x080001c6   0x00000002   PAD
    0x080001c8   0x0000001c   Code   RO          927    !!handler_zi        c_w.l(__scatter_zi.o)
    0x080001e4   0x00000006   Code   RO          793    .ARM.Collect$$libinit$$00000000  c_w.l(libinit.o)
    0x080001ea   0x00000000   Code   RO          801    .ARM.Collect$$libinit$$00000006  c_w.l(libinit2.o)
    0x080001ea   0x00000000   Code   RO          803    .ARM.Collect$$libinit$$00000008  c_w.l(libinit2.o)
    0x080001ea   0x00000000   Code   RO          805    .ARM.Collect$$libinit$$0000000A  c_w.l(libinit2.o)
    0x080001ea   0x00000000   Code   RO          808    .ARM.Collect$$libinit$$0000000D  c_w.l(libinit2.o)
    0x080001ea   0x00000000   Code   RO          810    .ARM.Collect$$libinit$$0000000F  c_w.l(libinit2.o)
    0x080001ea   0x00000000   Code   RO          812    .ARM.Collect$$libinit$$00000011  c_w.l(libinit2.o)
    0x080001ea   0x00000000   Code   RO          814    .ARM.Collect$$libinit$$00000013  c_w.l(libinit2.o)
    0x080001ea   0x00000000   Code   RO          816    .ARM.Collect$$libinit$$00000015  c_w.l(libinit2.o)
    0x080001ea   0x00000000   Code   RO          818    .ARM.Collect$$libinit$$00000017  c_w.l(libinit2.o)
    0x080001ea   0x00000000   Code   RO          820    .ARM.Collect$$libinit$$00000019  c_w.l(libinit2.o)
    0x080001ea   0x00000000   Code   RO          822    .ARM.Collect$$libinit$$0000001B  c_w.l(libinit2.o)
    0x080001ea   0x00000000   Code   RO          824    .ARM.Collect$$libinit$$0000001D  c_w.l(libinit2.o)
    0x080001ea   0x00000000   Code   RO          826    .ARM.Collect$$libinit$$0000001F  c_w.l(libinit2.o)
    0x080001ea   0x00000000   Code   RO          828    .ARM.Collect$$libinit$$00000021  c_w.l(libinit2.o)
    0x080001ea   0x00000000   Code   RO          832    .ARM.Collect$$libinit$$00000028  c_w.l(libinit2.o)
    0x080001ea   0x00000000   Code   RO          834    .ARM.Collect$$libinit$$0000002A  c_w.l(libinit2.o)
    0x080001ea   0x00000000   Code   RO          836    .ARM.Collect$$libinit$$0000002C  c_w.l(libinit2.o)
    0x080001ea   0x00000000   Code   RO          838    .ARM.Collect$$libinit$$0000002E  c_w.l(libinit2.o)
    0x080001ea   0x00000002   Code   RO          839    .ARM.Collect$$libinit$$0000002F  c_w.l(libinit2.o)
    0x080001ec   0x00000002   Code   RO          864    .ARM.Collect$$libshutdown$$00000000  c_w.l(libshutdown.o)
    0x080001ee   0x00000000   Code   RO          878    .ARM.Collect$$libshutdown$$00000003  c_w.l(libshutdown2.o)
    0x080001ee   0x00000000   Code   RO          881    .ARM.Collect$$libshutdown$$00000006  c_w.l(libshutdown2.o)
    0x080001ee   0x00000000   Code   RO          884    .ARM.Collect$$libshutdown$$00000009  c_w.l(libshutdown2.o)
    0x080001ee   0x00000000   Code   RO          886    .ARM.Collect$$libshutdown$$0000000B  c_w.l(libshutdown2.o)
    0x080001ee   0x00000000   Code   RO          889    .ARM.Collect$$libshutdown$$0000000E  c_w.l(libshutdown2.o)
    0x080001ee   0x00000002   Code   RO          890    .ARM.Collect$$libshutdown$$0000000F  c_w.l(libshutdown2.o)
    0x080001f0   0x00000000   Code   RO          768    .ARM.Collect$$rtentry$$00000000  c_w.l(rtentry.o)
    0x080001f0   0x00000000   Code   RO          770    .ARM.Collect$$rtentry$$00000002  c_w.l(rtentry2.o)
    0x080001f0   0x00000006   Code   RO          782    .ARM.Collect$$rtentry$$00000004  c_w.l(rtentry4.o)
    0x080001f6   0x00000000   Code   RO          772    .ARM.Collect$$rtentry$$00000009  c_w.l(rtentry2.o)
    0x080001f6   0x00000004   Code   RO          773    .ARM.Collect$$rtentry$$0000000A  c_w.l(rtentry2.o)
    0x080001fa   0x00000000   Code   RO          775    .ARM.Collect$$rtentry$$0000000C  c_w.l(rtentry2.o)
    0x080001fa   0x00000008   Code   RO          776    .ARM.Collect$$rtentry$$0000000D  c_w.l(rtentry2.o)
    0x08000202   0x00000002   Code   RO          797    .ARM.Collect$$rtexit$$00000000  c_w.l(rtexit.o)
    0x08000204   0x00000000   Code   RO          843    .ARM.Collect$$rtexit$$00000002  c_w.l(rtexit2.o)
    0x08000204   0x00000004   Code   RO          844    .ARM.Collect$$rtexit$$00000003  c_w.l(rtexit2.o)
    0x08000208   0x00000006   Code   RO          845    .ARM.Collect$$rtexit$$00000004  c_w.l(rtexit2.o)
    0x0800020e   0x00000002   PAD
    0x08000210   0x000000b4   Code   RO            1    .text               main.o
    0x080002c4   0x0000009c   Code   RO          123    .text               years_schedule.o
    0x08000360   0x000000f0   Code   RO          147    .text               years_led.o
    0x08000450   0x00000084   Code   RO          180    .text               board.o
    0x080004d4   0x00000034   Code   RO          194    .text               stm32f10x_it.o
    0x08000508   0x00000140   Code   RO          212    .text               years_spi.o
    0x08000648   0x00000268   Code   RO          224    .text               years_nrf24l01.o
    0x080008b0   0x000002ec   Code   RO          243    .text               years_uart.o
    0x08000b9c   0x0000006c   Code   RO          259    .text               years_usb_hid.o
    0x08000c08   0x00000030   Code   RO          277    .text               years_remote.o
    0x08000c38   0x00000088   Code   RO          305    .text               years_key.o
    0x08000cc0   0x00000040   Code   RO          326    .text               startup_stm32f10x_hd.o
    0x08000d00   0x000001c8   Code   RO          331    .text               system_stm32f10x.o
    0x08000ec8   0x000000dc   Code   RO          390    .text               misc.o
    0x08000fa4   0x00000358   Code   RO          428    .text               stm32f10x_gpio.o
    0x080012fc   0x000003a0   Code   RO          440    .text               stm32f10x_rcc.o
    0x0800169c   0x00000310   Code   RO          454    .text               stm32f10x_spi.o
    0x080019ac   0x0000040c   Code   RO          478    .text               stm32f10x_usart.o
    0x08001db8   0x00000acc   Code   RO          490    .text               usb_core.o
    0x08002884   0x0000003c   Code   RO          535    .text               usb_init.o
    0x080028c0   0x000003c8   Code   RO          558    .text               usb_int.o
    0x08002c88   0x00000058   Code   RO          582    .text               usb_mem.o
    0x08002ce0   0x00000770   Code   RO          594    .text               usb_regs.o
    0x08003450   0x00000114   Code   RO          606    .text               usb_config.o
    0x08003564   0x0000003c   Code   RO          673    .text               usb_endp.o
    0x080035a0   0x000000f8   Code   RO          700    .text               usb_istr.o
    0x08003698   0x00000250   Code   RO          721    .text               usb_prop.o
    0x080038e8   0x00000148   Code   RO          744    .text               usb_pwr.o
    0x08003a30   0x00000006   Code   RO          764    .text               c_w.l(heapauxi.o)
    0x08003a36   0x0000004a   Code   RO          784    .text               c_w.l(sys_stackheap_outer.o)
    0x08003a80   0x0000000c   Code   RO          786    .text               c_w.l(exit.o)
    0x08003a8c   0x00000008   Code   RO          794    .text               c_w.l(libspace.o)
    0x08003a94   0x00000008   Code   RO          852    .text               c_w.l(rt_fp_status_addr_intlibspace.o)
    0x08003a9c   0x0000000c   Code   RO          856    .text               c_w.l(sys_exit.o)
    0x08003aa8   0x00000002   Code   RO          867    .text               c_w.l(use_no_semi.o)
    0x08003aaa   0x00000000   Code   RO          869    .text               c_w.l(indicate_semi.o)
    0x08003aaa   0x0000000e   Code   RO          840    x$fpl$fpinit        fz_ws.l(fpinit.o)
    0x08003ab8   0x00000086   Data   RO          660    .constdata          usb_desc.o
    0x08003b3e   0x00000002   PAD
    0x08003b40   0x00000020   Data   RO          921    Region$$Table       anon$$obj.o


    Execution Region RW_IRAM1 (Base: 0x20000000, Size: 0x00000ca8, Max: 0x00010000, ABSOLUTE, COMPRESSED[0x0000009c])

    Base Addr    Size         Type   Attr      Idx    E Section Name        Object

    0x20000000   0x00000002   Data   RW            2    .data               main.o
    0x20000002   0x0000000a   Data   RW          124    .data               years_schedule.o
    0x2000000c   0x00000008   Data   RW          181    .data               board.o
    0x20000014   0x0000000a   Data   RW          226    .data               years_nrf24l01.o
    0x2000001e   0x00000005   Data   RW          245    .data               years_uart.o
    0x20000023   0x00000001   PAD
    0x20000024   0x00000014   Data   RW          332    .data               system_stm32f10x.o
    0x20000038   0x00000014   Data   RW          441    .data               stm32f10x_rcc.o
    0x2000004c   0x00000004   Data   RW          491    .data               usb_core.o
    0x20000050   0x00000014   Data   RW          537    .data               usb_init.o
    0x20000064   0x00000004   Data   RW          559    .data               usb_int.o
    0x20000068   0x0000001a   Data   RW          661    .data               usb_desc.o
    0x20000082   0x00000001   Data   RW          675    .data               usb_endp.o
    0x20000083   0x00000001   PAD
    0x20000084   0x0000003e   Data   RW          701    .data               usb_istr.o
    0x200000c2   0x00000002   PAD
    0x200000c4   0x0000009c   Data   RW          722    .data               usb_prop.o
    0x20000160   0x00000007   Data   RW          745    .data               usb_pwr.o
    0x20000167   0x00000001   PAD
    0x20000168   0x000001fe   Zero   RW          225    .bss                years_nrf24l01.o
    0x20000366   0x00000200   Zero   RW          244    .bss                years_uart.o
    0x20000566   0x0000003f   Zero   RW          260    .bss                years_usb_hid.o
    0x200005a5   0x00000040   Zero   RW          278    .bss                years_remote.o
    0x200005e5   0x00000003   PAD
    0x200005e8   0x0000001c   Zero   RW          536    .bss                usb_init.o
    0x20000604   0x00000040   Zero   RW          674    .bss                usb_endp.o
    0x20000644   0x00000060   Zero   RW          795    .bss                c_w.l(libspace.o)
    0x200006a4   0x00000004   PAD
    0x200006a8   0x00000200   Zero   RW          324    HEAP                startup_stm32f10x_hd.o
    0x200008a8   0x00000400   Zero   RW          323    STACK               startup_stm32f10x_hd.o


==============================================================================

Image component sizes


      Code (inc. data)   RO Data    RW Data    ZI Data      Debug   Object Name

       132         34          0          8          0       1101   board.o
       180         26          0          2          0     254720   main.o
       220         20          0          0          0     206381   misc.o
        64         26        304          0       1536        784   startup_stm32f10x_hd.o
       856         40          0          0          0       5593   stm32f10x_gpio.o
        52          0          0          0          0       1705   stm32f10x_it.o
       928         44          0         20          0       8704   stm32f10x_rcc.o
       784         12          0          0          0       6494   stm32f10x_spi.o
      1036         20          0          0          0       8340   stm32f10x_usart.o
       456         36          0         20          0      31599   system_stm32f10x.o
       276         28          0          0          0       4982   usb_config.o
      2764        100          0          4          0      17967   usb_core.o
         0          0        134         26          0        900   usb_desc.o
        60         12          0          1         64       1122   usb_endp.o
        60         24          0         20         28       3678   usb_init.o
       968         28          0          4          0       1664   usb_int.o
       248         26          0         62          0       1100   usb_istr.o
        88          4          0          0          0       1190   usb_mem.o
       592         48          0        156          0       7323   usb_prop.o
       328         22          0          7          0       2325   usb_pwr.o
      1904         16          0          0          0      11609   usb_regs.o
       136          4          0          0          0       1124   years_key.o
       240          8          0          0          0       1273   years_led.o
       616         14          0         10        510       4090   years_nrf24l01.o
        48          8          0          0         64       1183   years_remote.o
       156         26          0         10          0       1219   years_schedule.o
       320         12          0          0          0       1284   years_spi.o
       748         36          0          5        512       2494   years_uart.o
       108         10          0          0         63       1079   years_usb_hid.o

    ----------------------------------------------------------------------
     14368        684        472        360       2780     593027   Object Totals
         0          0         32          0          0          0   (incl. Generated)
         0          0          2          5          3          0   (incl. Padding)

    ----------------------------------------------------------------------

      Code (inc. data)   RO Data    RW Data    ZI Data      Debug   Library Member Name

        90          0          0          0          0          0   __dczerorl2.o
         8          0          0          0          0         68   __main.o
        52          8          0          0          0          0   __scatter.o
        28          0          0          0          0          0   __scatter_zi.o
        12          0          0          0          0         72   exit.o
         6          0          0          0          0        152   heapauxi.o
         0          0          0          0          0          0   indicate_semi.o
         6          0          0          0          0          0   libinit.o
         2          0          0          0          0          0   libinit2.o
         2          0          0          0          0          0   libshutdown.o
         2          0          0          0          0          0   libshutdown2.o
         8          4          0          0         96         68   libspace.o
         8          4          0          0          0         68   rt_fp_status_addr_intlibspace.o
         0          0          0          0          0          0   rtentry.o
        12          0          0          0          0          0   rtentry2.o
         6          0          0          0          0          0   rtentry4.o
         2          0          0          0          0          0   rtexit.o
        10          0          0          0          0          0   rtexit2.o
        12          4          0          0          0         68   sys_exit.o
        74          0          0          0          0         80   sys_stackheap_outer.o
         2          0          0          0          0         68   use_no_semi.o
        14          0          0          0          0         76   fpinit.o

    ----------------------------------------------------------------------
       360         20          0          0        100        720   Library Totals
         4          0          0          0          4          0   (incl. Padding)

    ----------------------------------------------------------------------

      Code (inc. data)   RO Data    RW Data    ZI Data      Debug   Library Name

       342         20          0          0         96        644   c_w.l
        14          0          0          0          0         76   fz_ws.l

    ----------------------------------------------------------------------
       360         20          0          0        100        720   Library Totals

    ----------------------------------------------------------------------

==============================================================================


      Code (inc. data)   RO Data    RW Data    ZI Data      Debug   

     14728        704        472        360       2880     590887   Grand Totals
     14728        704        472        156       2880     590887   ELF Image Totals (compressed)
     14728        704        472        156          0          0   ROM Totals

==============================================================================

    Total RO  Size (Code + RO Data)                15200 (  14.84kB)
    Total RW  Size (RW Data + ZI Data)              3240 (   3.16kB)
    Total ROM Size (Code + RO Data + RW Data)      15356 (  15.00kB)

==============================================================================

