<html>
<body>
<pre>
<h1>µVision Build Log</h1>
<h2>Project:</h2>
C:\Users\Administrator\Desktop\Test_32\Remote.uvproj
Project File Date:  08/23/2015

<h2>Output:</h2>
compiling main.c...
User\main.c(10): warning:  #1-D: last line of file ends without a newline
User\main.c - 0 Error(s), 1 Warning(s).
compiling main.c...
User\main.c - 0 Error(s), 0 Warning(s).
Build target 'Target 1'
assembling startup_stm32f10x_hd.s...
compiling system_stm32f10x.c...
compiling core_cm3.c...
compiling misc.c...
compiling stm32f10x_flash.c...
compiling stm32f10x_gpio.c...
compiling stm32f10x_rcc.c...
compiling stm32f10x_spi.c...
compiling stm32f10x_tim.c...
compiling stm32f10x_usart.c...
linking...
Program Size: Code=820 RO-data=336 RW-data=20 ZI-data=1636  
FromELF: creating hex file...
".\Build\Remote.axf" - 0 Error(s), 0 Warning(s).
